../Core/Src/nokia5110_LCD.c:13:6:LCD_setRST	0	static
../Core/Src/nokia5110_LCD.c:18:6:LCD_setCE	0	static
../Core/Src/nokia5110_LCD.c:23:6:LCD_setDC	0	static
../Core/Src/nokia5110_LCD.c:27:6:LCD_setDIN	0	static
../Core/Src/nokia5110_LCD.c:32:6:LCD_setCLK	0	static
../Core/Src/nokia5110_LCD.c:43:6:LCD_send	24	static
../Core/Src/nokia5110_LCD.c:70:6:LCD_drawBuffer	40	static
../Core/Src/nokia5110_LCD.c:97:6:shift_right	20	static
../Core/Src/nokia5110_LCD.c:117:6:LCD_write	16	static
../Core/Src/nokia5110_LCD.c:133:6:LCD_setBuffer	0	static
../Core/Src/nokia5110_LCD.c:159:6:LCD_invert	8	static
../Core/Src/nokia5110_LCD.c:172:6:LCD_invertText	0	static
../Core/Src/nokia5110_LCD.c:185:6:LCD_putChar	16	static
../Core/Src/nokia5110_LCD.c:206:6:LCD_clrBuffer	8	static
../Core/Src/nokia5110_LCD.c:215:6:LCD_clrScr	16	static
../Core/Src/nokia5110_LCD.c:142:6:LCD_init	8	static
../Core/Src/nokia5110_LCD.c:227:6:LCD_goXY	8	static
../Core/Src/nokia5110_LCD.c:199:6:LCD_print	8	static
../Core/Src/nokia5110_LCD.c:235:6:LCD_refreshScr	24	static
../Core/Src/nokia5110_LCD.c:251:6:LCD_refreshArea	40	static
../Core/Src/nokia5110_LCD.c:268:6:LCD_setPixel	12	static
../Core/Src/nokia5110_LCD.c:53:6:LCD_draw	48	static
../Core/Src/nokia5110_LCD.c:288:6:LCD_drawHLine	8	static
../Core/Src/nokia5110_LCD.c:306:6:LCD_drawVLine	24	static
../Core/Src/nokia5110_LCD.c:320:5:abs	0	static
../Core/Src/nokia5110_LCD.c:334:6:LCD_drawLine	40	static
../Core/Src/nokia5110_LCD.c:413:6:LCD_drawRectangle	24	static
