Archive member included to satisfy reference by file (symbol)

c:/st/stm32cubeide_1.9.0/stm32cubeide/plugins/com.st.stm32cube.ide.mcu.externaltools.gnu-tools-for-stm32.10.3-2021.10.win32_1.0.0.202111181127/tools/bin/../lib/gcc/arm-none-eabi/10.3.1/../../../../arm-none-eabi/lib/thumb/v6-m/nofp\libc_nano.a(lib_a-errno.o)
                              ./Core/Src/syscalls.o (__errno)
c:/st/stm32cubeide_1.9.0/stm32cubeide/plugins/com.st.stm32cube.ide.mcu.externaltools.gnu-tools-for-stm32.10.3-2021.10.win32_1.0.0.202111181127/tools/bin/../lib/gcc/arm-none-eabi/10.3.1/../../../../arm-none-eabi/lib/thumb/v6-m/nofp\libc_nano.a(lib_a-exit.o)
                              c:/st/stm32cubeide_1.9.0/stm32cubeide/plugins/com.st.stm32cube.ide.mcu.externaltools.gnu-tools-for-stm32.10.3-2021.10.win32_1.0.0.202111181127/tools/bin/../lib/gcc/arm-none-eabi/10.3.1/../../../../arm-none-eabi/lib/thumb/v6-m/nofp/crt0.o (exit)
c:/st/stm32cubeide_1.9.0/stm32cubeide/plugins/com.st.stm32cube.ide.mcu.externaltools.gnu-tools-for-stm32.10.3-2021.10.win32_1.0.0.202111181127/tools/bin/../lib/gcc/arm-none-eabi/10.3.1/../../../../arm-none-eabi/lib/thumb/v6-m/nofp\libc_nano.a(lib_a-impure.o)
                              c:/st/stm32cubeide_1.9.0/stm32cubeide/plugins/com.st.stm32cube.ide.mcu.externaltools.gnu-tools-for-stm32.10.3-2021.10.win32_1.0.0.202111181127/tools/bin/../lib/gcc/arm-none-eabi/10.3.1/../../../../arm-none-eabi/lib/thumb/v6-m/nofp\libc_nano.a(lib_a-exit.o) (_global_impure_ptr)
c:/st/stm32cubeide_1.9.0/stm32cubeide/plugins/com.st.stm32cube.ide.mcu.externaltools.gnu-tools-for-stm32.10.3-2021.10.win32_1.0.0.202111181127/tools/bin/../lib/gcc/arm-none-eabi/10.3.1/../../../../arm-none-eabi/lib/thumb/v6-m/nofp\libc_nano.a(lib_a-init.o)
                              c:/st/stm32cubeide_1.9.0/stm32cubeide/plugins/com.st.stm32cube.ide.mcu.externaltools.gnu-tools-for-stm32.10.3-2021.10.win32_1.0.0.202111181127/tools/bin/../lib/gcc/arm-none-eabi/10.3.1/../../../../arm-none-eabi/lib/thumb/v6-m/nofp/crt0.o (__libc_init_array)
c:/st/stm32cubeide_1.9.0/stm32cubeide/plugins/com.st.stm32cube.ide.mcu.externaltools.gnu-tools-for-stm32.10.3-2021.10.win32_1.0.0.202111181127/tools/bin/../lib/gcc/arm-none-eabi/10.3.1/../../../../arm-none-eabi/lib/thumb/v6-m/nofp\libc_nano.a(lib_a-memset.o)
                              c:/st/stm32cubeide_1.9.0/stm32cubeide/plugins/com.st.stm32cube.ide.mcu.externaltools.gnu-tools-for-stm32.10.3-2021.10.win32_1.0.0.202111181127/tools/bin/../lib/gcc/arm-none-eabi/10.3.1/../../../../arm-none-eabi/lib/thumb/v6-m/nofp/crt0.o (memset)
c:/st/stm32cubeide_1.9.0/stm32cubeide/plugins/com.st.stm32cube.ide.mcu.externaltools.gnu-tools-for-stm32.10.3-2021.10.win32_1.0.0.202111181127/tools/bin/../lib/gcc/arm-none-eabi/10.3.1/thumb/v6-m/nofp\libgcc.a(_udivsi3.o)
                              ./Core/Src/nokia5110_LCD.o (__aeabi_uidiv)
c:/st/stm32cubeide_1.9.0/stm32cubeide/plugins/com.st.stm32cube.ide.mcu.externaltools.gnu-tools-for-stm32.10.3-2021.10.win32_1.0.0.202111181127/tools/bin/../lib/gcc/arm-none-eabi/10.3.1/thumb/v6-m/nofp\libgcc.a(_divsi3.o)
                              ./Core/Src/nokia5110_LCD.o (__aeabi_idiv)
c:/st/stm32cubeide_1.9.0/stm32cubeide/plugins/com.st.stm32cube.ide.mcu.externaltools.gnu-tools-for-stm32.10.3-2021.10.win32_1.0.0.202111181127/tools/bin/../lib/gcc/arm-none-eabi/10.3.1/thumb/v6-m/nofp\libgcc.a(_dvmd_tls.o)
                              c:/st/stm32cubeide_1.9.0/stm32cubeide/plugins/com.st.stm32cube.ide.mcu.externaltools.gnu-tools-for-stm32.10.3-2021.10.win32_1.0.0.202111181127/tools/bin/../lib/gcc/arm-none-eabi/10.3.1/thumb/v6-m/nofp\libgcc.a(_udivsi3.o) (__aeabi_idiv0)
c:/st/stm32cubeide_1.9.0/stm32cubeide/plugins/com.st.stm32cube.ide.mcu.externaltools.gnu-tools-for-stm32.10.3-2021.10.win32_1.0.0.202111181127/tools/bin/../lib/gcc/arm-none-eabi/10.3.1/thumb/v6-m/nofp\libgcc.a(_aeabi_uldivmod.o)
                              ./Drivers/STM32L0xx_HAL_Driver/Src/stm32l0xx_hal_rcc.o (__aeabi_uldivmod)
c:/st/stm32cubeide_1.9.0/stm32cubeide/plugins/com.st.stm32cube.ide.mcu.externaltools.gnu-tools-for-stm32.10.3-2021.10.win32_1.0.0.202111181127/tools/bin/../lib/gcc/arm-none-eabi/10.3.1/thumb/v6-m/nofp\libgcc.a(_muldi3.o)
                              ./Drivers/STM32L0xx_HAL_Driver/Src/stm32l0xx_hal_rcc.o (__aeabi_lmul)
c:/st/stm32cubeide_1.9.0/stm32cubeide/plugins/com.st.stm32cube.ide.mcu.externaltools.gnu-tools-for-stm32.10.3-2021.10.win32_1.0.0.202111181127/tools/bin/../lib/gcc/arm-none-eabi/10.3.1/thumb/v6-m/nofp\libgcc.a(_udivmoddi4.o)
                              c:/st/stm32cubeide_1.9.0/stm32cubeide/plugins/com.st.stm32cube.ide.mcu.externaltools.gnu-tools-for-stm32.10.3-2021.10.win32_1.0.0.202111181127/tools/bin/../lib/gcc/arm-none-eabi/10.3.1/thumb/v6-m/nofp\libgcc.a(_aeabi_uldivmod.o) (__udivmoddi4)
[...]
Memory Configuration

Name             Origin             Length             Attributes
RAM              0x0000000020000000 0x0000000000005000 xrw
FLASH            0x0000000008008000 0x0000000000028000 xr
*default*        0x0000000000000000 0xffffffffffffffff

Linker script and memory map

LOAD c:/st/stm32cubeide_1.9.0/stm32cubeide/plugins/com.st.stm32cube.ide.mcu.externaltools.gnu-tools-for-stm32.10.3-2021.10.win32_1.0.0.202111181127/tools/bin/../lib/gcc/arm-none-eabi/10.3.1/thumb/v6-m/nofp/crti.o
LOAD c:/st/stm32cubeide_1.9.0/stm32cubeide/plugins/com.st.stm32cube.ide.mcu.externaltools.gnu-tools-for-stm32.10.3-2021.10.win32_1.0.0.202111181127/tools/bin/../lib/gcc/arm-none-eabi/10.3.1/thumb/v6-m/nofp/crtbegin.o
LOAD c:/st/stm32cubeide_1.9.0/stm32cubeide/plugins/com.st.stm32cube.ide.mcu.externaltools.gnu-tools-for-stm32.10.3-2021.10.win32_1.0.0.202111181127/tools/bin/../lib/gcc/arm-none-eabi/10.3.1/../../../../arm-none-eabi/lib/thumb/v6-m/nofp/crt0.o
LOAD ./Core/Src/GamepadButton.o
LOAD ./Core/Src/main.o
LOAD ./Core/Src/nokia5110_LCD.o
LOAD ./Core/Src/stm32l0xx_hal_msp.o
LOAD ./Core/Src/stm32l0xx_it.o
LOAD ./Core/Src/syscalls.o
LOAD ./Core/Src/sysmem.o
LOAD ./Core/Src/system_stm32l0xx.o
LOAD ./Core/Startup/startup_stm32l073rztx.o
LOAD ./Drivers/STM32L0xx_HAL_Driver/Src/stm32l0xx_hal.o
LOAD ./Drivers/STM32L0xx_HAL_Driver/Src/stm32l0xx_hal_cortex.o
LOAD ./Drivers/STM32L0xx_HAL_Driver/Src/stm32l0xx_hal_dma.o
LOAD ./Drivers/STM32L0xx_HAL_Driver/Src/stm32l0xx_hal_exti.o
LOAD ./Drivers/STM32L0xx_HAL_Driver/Src/stm32l0xx_hal_flash.o
LOAD ./Drivers/STM32L0xx_HAL_Driver/Src/stm32l0xx_hal_flash_ex.o
LOAD ./Drivers/STM32L0xx_HAL_Driver/Src/stm32l0xx_hal_flash_ramfunc.o
LOAD ./Drivers/STM32L0xx_HAL_Driver/Src/stm32l0xx_hal_gpio.o
LOAD ./Drivers/STM32L0xx_HAL_Driver/Src/stm32l0xx_hal_i2c.o
LOAD ./Drivers/STM32L0xx_HAL_Driver/Src/stm32l0xx_hal_i2c_ex.o
LOAD ./Drivers/STM32L0xx_HAL_Driver/Src/stm32l0xx_hal_pwr.o
LOAD ./Drivers/STM32L0xx_HAL_Driver/Src/stm32l0xx_hal_pwr_ex.o
LOAD ./Drivers/STM32L0xx_HAL_Driver/Src/stm32l0xx_hal_rcc.o
LOAD ./Drivers/STM32L0xx_HAL_Driver/Src/stm32l0xx_hal_rcc_ex.o
LOAD ./Drivers/STM32L0xx_HAL_Driver/Src/stm32l0xx_hal_tim.o
LOAD ./Drivers/STM32L0xx_HAL_Driver/Src/stm32l0xx_hal_tim_ex.o
LOAD ./Drivers/STM32L0xx_HAL_Driver/Src/stm32l0xx_hal_uart.o
LOAD ./Drivers/STM32L0xx_HAL_Driver/Src/stm32l0xx_hal_uart_ex.o
START GROUP
LOAD c:/st/stm32cubeide_1.9.0/stm32cubeide/plugins/com.st.stm32cube.ide.mcu.externaltools.gnu-tools-for-stm32.10.3-2021.10.win32_1.0.0.202111181127/tools/bin/../lib/gcc/arm-none-eabi/10.3.1/../../../../arm-none-eabi/lib/thumb/v6-m/nofp\libstdc++_nano.a
LOAD c:/st/stm32cubeide_1.9.0/stm32cubeide/plugins/com.st.stm32cube.ide.mcu.externaltools.gnu-tools-for-stm32.10.3-2021.10.win32_1.0.0.202111181127/tools/bin/../lib/gcc/arm-none-eabi/10.3.1/../../../../arm-none-eabi/lib/thumb/v6-m/nofp\libsupc++_nano.a
END GROUP
LOAD c:/st/stm32cubeide_1.9.0/stm32cubeide/plugins/com.st.stm32cube.ide.mcu.externaltools.gnu-tools-for-stm32.10.3-2021.10.win32_1.0.0.202111181127/tools/bin/../lib/gcc/arm-none-eabi/10.3.1/../../../../arm-none-eabi/lib/thumb/v6-m/nofp\libstdc++_nano.a
LOAD c:/st/stm32cubeide_1.9.0/stm32cubeide/plugins/com.st.stm32cube.ide.mcu.externaltools.gnu-tools-for-stm32.10.3-2021.10.win32_1.0.0.202111181127/tools/bin/../lib/gcc/arm-none-eabi/10.3.1/../../../../arm-none-eabi/lib/thumb/v6-m/nofp\libm.a
LOAD c:/st/stm32cubeide_1.9.0/stm32cubeide/plugins/com.st.stm32cube.ide.mcu.externaltools.gnu-tools-for-stm32.10.3-2021.10.win32_1.0.0.202111181127/tools/bin/../lib/gcc/arm-none-eabi/10.3.1/../../../../arm-none-eabi/lib/thumb/v6-m/nofp\libc_nano.a
START GROUP
LOAD c:/st/stm32cubeide_1.9.0/stm32cubeide/plugins/com.st.stm32cube.ide.mcu.externaltools.gnu-tools-for-stm32.10.3-2021.10.win32_1.0.0.202111181127/tools/bin/../lib/gcc/arm-none-eabi/10.3.1/thumb/v6-m/nofp\libgcc.a
LOAD c:/st/stm32cubeide_1.9.0/stm32cubeide/plugins/com.st.stm32cube.ide.mcu.externaltools.gnu-tools-for-stm32.10.3-2021.10.win32_1.0.0.202111181127/tools/bin/../lib/gcc/arm-none-eabi/10.3.1/../../../../arm-none-eabi/lib/thumb/v6-m/nofp\libc_nano.a
END GROUP
START GROUP
LOAD c:/st/stm32cubeide_1.9.0/stm32cubeide/plugins/com.st.stm32cube.ide.mcu.externaltools.gnu-tools-for-stm32.10.3-2021.10.win32_1.0.0.202111181127/tools/bin/../lib/gcc/arm-none-eabi/10.3.1/thumb/v6-m/nofp\libgcc.a
LOAD c:/st/stm32cubeide_1.9.0/stm32cubeide/plugins/com.st.stm32cube.ide.mcu.externaltools.gnu-tools-for-stm32.10.3-2021.10.win32_1.0.0.202111181127/tools/bin/../lib/gcc/arm-none-eabi/10.3.1/../../../../arm-none-eabi/lib/thumb/v6-m/nofp\libc_nano.a
LOAD c:/st/stm32cubeide_1.9.0/stm32cubeide/plugins/com.st.stm32cube.ide.mcu.externaltools.gnu-tools-for-stm32.10.3-2021.10.win32_1.0.0.202111181127/tools/bin/../lib/gcc/arm-none-eabi/10.3.1/../../../../arm-none-eabi/lib/thumb/v6-m/nofp\libnosys.a
END GROUP
START GROUP
LOAD c:/st/stm32cubeide_1.9.0/stm32cubeide/plugins/com.st.stm32cube.ide.mcu.externaltools.gnu-tools-for-stm32.10.3-2021.10.win32_1.0.0.202111181127/tools/bin/../lib/gcc/arm-none-eabi/10.3.1/thumb/v6-m/nofp\libgcc.a
LOAD c:/st/stm32cubeide_1.9.0/stm32cubeide/plugins/com.st.stm32cube.ide.mcu.externaltools.gnu-tools-for-stm32.10.3-2021.10.win32_1.0.0.202111181127/tools/bin/../lib/gcc/arm-none-eabi/10.3.1/../../../../arm-none-eabi/lib/thumb/v6-m/nofp\libc_nano.a
LOAD c:/st/stm32cubeide_1.9.0/stm32cubeide/plugins/com.st.stm32cube.ide.mcu.externaltools.gnu-tools-for-stm32.10.3-2021.10.win32_1.0.0.202111181127/tools/bin/../lib/gcc/arm-none-eabi/10.3.1/../../../../arm-none-eabi/lib/thumb/v6-m/nofp\libnosys.a
END GROUP
LOAD c:/st/stm32cubeide_1.9.0/stm32cubeide/plugins/com.st.stm32cube.ide.mcu.externaltools.gnu-tools-for-stm32.10.3-2021.10.win32_1.0.0.202111181127/tools/bin/../lib/gcc/arm-none-eabi/10.3.1/thumb/v6-m/nofp/crtend.o
LOAD c:/st/stm32cubeide_1.9.0/stm32cubeide/plugins/com.st.stm32cube.ide.mcu.externaltools.gnu-tools-for-stm32.10.3-2021.10.win32_1.0.0.202111181127/tools/bin/../lib/gcc/arm-none-eabi/10.3.1/thumb/v6-m/nofp/crtn.o
                0x0000000020005000                _estack = (ORIGIN (RAM) + LENGTH (RAM))
                0x0000000000000200                _Min_Heap_Size = 0x200
                0x0000000000000400                _Min_Stack_Size = 0x400

.isr_vector     0x0000000008008000       0xc0
                0x0000000008008000                . = ALIGN (0x4)
 *(.isr_vector)
 .isr_vector    0x0000000008008000       0xc0 ./Core/Startup/startup_stm32l073rztx.o
                0x0000000008008000                g_pfnVectors
                0x00000000080080c0                . = ALIGN (0x4)

.text           0x00000000080080c0     0x30b0
                0x00000000080080c0                . = ALIGN (0x4)
 *(.text)
 .text          0x00000000080080c0       0x48 c:/st/stm32cubeide_1.9.0/stm32cubeide/plugins/com.st.stm32cube.ide.mcu.externaltools.gnu-tools-for-stm32.10.3-2021.10.win32_1.0.0.202111181127/tools/bin/../lib/gcc/arm-none-eabi/10.3.1/thumb/v6-m/nofp/crtbegin.o
 .text          0x0000000008008108      0x114 c:/st/stm32cubeide_1.9.0/stm32cubeide/plugins/com.st.stm32cube.ide.mcu.externaltools.gnu-tools-for-stm32.10.3-2021.10.win32_1.0.0.202111181127/tools/bin/../lib/gcc/arm-none-eabi/10.3.1/thumb/v6-m/nofp\libgcc.a(_udivsi3.o)
                0x0000000008008108                __aeabi_uidiv
                0x0000000008008108                __udivsi3
                0x0000000008008214                __aeabi_uidivmod
 .text          0x000000000800821c        0x4 c:/st/stm32cubeide_1.9.0/stm32cubeide/plugins/com.st.stm32cube.ide.mcu.externaltools.gnu-tools-for-stm32.10.3-2021.10.win32_1.0.0.202111181127/tools/bin/../lib/gcc/arm-none-eabi/10.3.1/thumb/v6-m/nofp\libgcc.a(_dvmd_tls.o)
                0x000000000800821c                __aeabi_idiv0
                0x000000000800821c                __aeabi_ldiv0
 .text          0x0000000008008220       0x40 c:/st/stm32cubeide_1.9.0/stm32cubeide/plugins/com.st.stm32cube.ide.mcu.externaltools.gnu-tools-for-stm32.10.3-2021.10.win32_1.0.0.202111181127/tools/bin/../lib/gcc/arm-none-eabi/10.3.1/thumb/v6-m/nofp\libgcc.a(_aeabi_uldivmod.o)
                0x0000000008008220                __aeabi_uldivmod
 .text          0x0000000008008260       0x5c c:/st/stm32cubeide_1.9.0/stm32cubeide/plugins/com.st.stm32cube.ide.mcu.externaltools.gnu-tools-for-stm32.10.3-2021.10.win32_1.0.0.202111181127/tools/bin/../lib/gcc/arm-none-eabi/10.3.1/thumb/v6-m/nofp\libgcc.a(_muldi3.o)
                0x0000000008008260                __muldi3
                0x0000000008008260                __aeabi_lmul
 .text          0x00000000080082bc      0x198 c:/st/stm32cubeide_1.9.0/stm32cubeide/plugins/com.st.stm32cube.ide.mcu.externaltools.gnu-tools-for-stm32.10.3-2021.10.win32_1.0.0.202111181127/tools/bin/../lib/gcc/arm-none-eabi/10.3.1/thumb/v6-m/nofp\libgcc.a(_udivmoddi4.o)
                0x00000000080082bc                __udivmoddi4
 .text          0x0000000008008454       0x3c c:/st/stm32cubeide_1.9.0/stm32cubeide/plugins/com.st.stm32cube.ide.mcu.externaltools.gnu-tools-for-stm32.10.3-2021.10.win32_1.0.0.202111181127/tools/bin/../lib/gcc/arm-none-eabi/10.3.1/thumb/v6-m/nofp\libgcc.a(_clzsi2.o)
                0x0000000008008454                __clzsi2
 .text          0x0000000008008490       0x18 c:/st/stm32cubeide_1.9.0/stm32cubeide/plugins/com.st.stm32cube.ide.mcu.externaltools.gnu-tools-for-stm32.10.3-2021.10.win32_1.0.0.202111181127/tools/bin/../lib/gcc/arm-none-eabi/10.3.1/thumb/v6-m/nofp\libgcc.a(_clzdi2.o)
                0x0000000008008490                __clzdi2
 *(.text*)
 .text._ZN13GamepadButtonC2EP12GPIO_TypeDeft
                0x00000000080084a8       0x56 ./Core/Src/GamepadButton.o
                0x00000000080084a8                GamepadButton::GamepadButton(GPIO_TypeDef*, unsigned short)
                0x00000000080084a8                GamepadButton::GamepadButton(GPIO_TypeDef*, unsigned short)
 .text._ZN13GamepadButton12UpdateButtonEv
                0x00000000080084fe       0x4e ./Core/Src/GamepadButton.o
                0x00000000080084fe                GamepadButton::UpdateButton()
 .text.main     0x000000000800854c      0x16c ./Core/Src/main.o
                0x000000000800854c                main
 .text._Z18SystemClock_Configv
                0x00000000080086b8       0xf0 ./Core/Src/main.o
                0x00000000080086b8                SystemClock_Config()
 .text._ZL19MX_USART2_UART_Initv
                0x00000000080087a8       0x68 ./Core/Src/main.o
 .text._ZL12MX_GPIO_Initv
                0x0000000008008810      0x158 ./Core/Src/main.o
 .text._Z6UPrintPc
                0x0000000008008968       0x2c ./Core/Src/main.o
                0x0000000008008968                UPrint(char*)
 .text._Z16length_of_stringPc
                0x0000000008008994       0x2c ./Core/Src/main.o
                0x0000000008008994                length_of_string(char*)
 .text.Error_Handler
                0x00000000080089c0        0xa ./Core/Src/main.o
                0x00000000080089c0                Error_Handler
 *fill*         0x00000000080089ca        0x2 
 .text.LCD_setRST
                0x00000000080089cc       0x28 ./Core/Src/nokia5110_LCD.o
                0x00000000080089cc                LCD_setRST
 .text.LCD_setCE
                0x00000000080089f4       0x28 ./Core/Src/nokia5110_LCD.o
                0x00000000080089f4                LCD_setCE
 .text.LCD_setDC
                0x0000000008008a1c       0x28 ./Core/Src/nokia5110_LCD.o
                0x0000000008008a1c                LCD_setDC
 .text.LCD_setDIN
                0x0000000008008a44       0x28 ./Core/Src/nokia5110_LCD.o
                0x0000000008008a44                LCD_setDIN
 .text.LCD_setCLK
                0x0000000008008a6c       0x28 ./Core/Src/nokia5110_LCD.o
                0x0000000008008a6c                LCD_setCLK
 .text.LCD_send
                0x0000000008008a94       0x84 ./Core/Src/nokia5110_LCD.o
                0x0000000008008a94                LCD_send
 .text.LCD_draw
                0x0000000008008b18      0x120 ./Core/Src/nokia5110_LCD.o
                0x0000000008008b18                LCD_draw
 .text.LCD_write
                0x0000000008008c38       0x9c ./Core/Src/nokia5110_LCD.o
                0x0000000008008c38                LCD_write
 .text.LCD_init
                0x0000000008008cd4       0x70 ./Core/Src/nokia5110_LCD.o
                0x0000000008008cd4                LCD_init
 .text.LCD_putChar
                0x0000000008008d44       0x8c ./Core/Src/nokia5110_LCD.o
                0x0000000008008d44                LCD_putChar
 .text.LCD_print
                0x0000000008008dd0       0x4a ./Core/Src/nokia5110_LCD.o
                0x0000000008008dd0                LCD_print
 *fill*         0x0000000008008e1a        0x2 
 .text.LCD_clrScr
                0x0000000008008e1c       0x3c ./Core/Src/nokia5110_LCD.o
                0x0000000008008e1c                LCD_clrScr
 .text.LCD_goXY
                0x0000000008008e58       0x40 ./Core/Src/nokia5110_LCD.o
                0x0000000008008e58                LCD_goXY
 .text.LCD_refreshScr
                0x0000000008008e98       0x58 ./Core/Src/nokia5110_LCD.o
                0x0000000008008e98                LCD_refreshScr
 .text.LCD_refreshArea
                0x0000000008008ef0       0xac ./Core/Src/nokia5110_LCD.o
                0x0000000008008ef0                LCD_refreshArea
 .text.LCD_setPixel
                0x0000000008008f9c       0xd0 ./Core/Src/nokia5110_LCD.o
                0x0000000008008f9c                LCD_setPixel
 .text.HAL_MspInit
                0x000000000800906c       0x28 ./Core/Src/stm32l0xx_hal_msp.o
                0x000000000800906c                HAL_MspInit
 .text.HAL_UART_MspInit
                0x0000000008009094       0x88 ./Core/Src/stm32l0xx_hal_msp.o
                0x0000000008009094                HAL_UART_MspInit
 .text.NMI_Handler
                0x000000000800911c        0x6 ./Core/Src/stm32l0xx_it.o
                0x000000000800911c                NMI_Handler
 .text.HardFault_Handler
                0x0000000008009122        0x6 ./Core/Src/stm32l0xx_it.o
                0x0000000008009122                HardFault_Handler
 .text.SVC_Handler
                0x0000000008009128        0xa ./Core/Src/stm32l0xx_it.o
                0x0000000008009128                SVC_Handler
 .text.PendSV_Handler
                0x0000000008009132        0xa ./Core/Src/stm32l0xx_it.o
                0x0000000008009132                PendSV_Handler
 .text.SysTick_Handler
                0x000000000800913c        0xe ./Core/Src/stm32l0xx_it.o
                0x000000000800913c                SysTick_Handler
 *fill*         0x000000000800914a        0x2 
 .text.SystemInit
                0x000000000800914c       0x18 ./Core/Src/system_stm32l0xx.o
                0x000000000800914c                SystemInit
 .text.Reset_Handler
                0x0000000008009164       0x50 ./Core/Startup/startup_stm32l073rztx.o
                0x0000000008009164                Reset_Handler
 .text.Default_Handler
                0x00000000080091b4        0x2 ./Core/Startup/startup_stm32l073rztx.o
                0x00000000080091b4                TSC_IRQHandler
                0x00000000080091b4                ADC1_COMP_IRQHandler
                0x00000000080091b4                PVD_IRQHandler
                0x00000000080091b4                I2C1_IRQHandler
                0x00000000080091b4                RCC_CRS_IRQHandler
                0x00000000080091b4                SPI1_IRQHandler
                0x00000000080091b4                TIM6_DAC_IRQHandler
                0x00000000080091b4                EXTI2_3_IRQHandler
                0x00000000080091b4                I2C2_IRQHandler
                0x00000000080091b4                RTC_IRQHandler
                0x00000000080091b4                LCD_IRQHandler
                0x00000000080091b4                DMA1_Channel4_5_6_7_IRQHandler
                0x00000000080091b4                TIM3_IRQHandler
                0x00000000080091b4                EXTI4_15_IRQHandler
                0x00000000080091b4                DMA1_Channel1_IRQHandler
                0x00000000080091b4                USART4_5_IRQHandler
                0x00000000080091b4                Default_Handler
                0x00000000080091b4                TIM22_IRQHandler
                0x00000000080091b4                TIM7_IRQHandler
                0x00000000080091b4                EXTI0_1_IRQHandler
                0x00000000080091b4                USB_IRQHandler
                0x00000000080091b4                I2C3_IRQHandler
                0x00000000080091b4                SPI2_IRQHandler
                0x00000000080091b4                TIM21_IRQHandler
                0x00000000080091b4                WWDG_IRQHandler
                0x00000000080091b4                TIM2_IRQHandler
                0x00000000080091b4                DMA1_Channel2_3_IRQHandler
                0x00000000080091b4                USART2_IRQHandler
                0x00000000080091b4                FLASH_IRQHandler
                0x00000000080091b4                USART1_IRQHandler
                0x00000000080091b4                RNG_LPUART1_IRQHandler
                0x00000000080091b4                LPTIM1_IRQHandler
 *fill*         0x00000000080091b6        0x2 
 .text.HAL_Init
                0x00000000080091b8       0x40 ./Drivers/STM32L0xx_HAL_Driver/Src/stm32l0xx_hal.o
                0x00000000080091b8                HAL_Init
 .text.HAL_InitTick
                0x00000000080091f8       0x68 ./Drivers/STM32L0xx_HAL_Driver/Src/stm32l0xx_hal.o
                0x00000000080091f8                HAL_InitTick
 .text.HAL_IncTick
                0x0000000008009260       0x24 ./Drivers/STM32L0xx_HAL_Driver/Src/stm32l0xx_hal.o
                0x0000000008009260                HAL_IncTick
 .text.HAL_GetTick
                0x0000000008009284       0x14 ./Drivers/STM32L0xx_HAL_Driver/Src/stm32l0xx_hal.o
                0x0000000008009284                HAL_GetTick
 .text.__NVIC_SetPriority
                0x0000000008009298       0xdc ./Drivers/STM32L0xx_HAL_Driver/Src/stm32l0xx_hal_cortex.o
 .text.SysTick_Config
                0x0000000008009374       0x48 ./Drivers/STM32L0xx_HAL_Driver/Src/stm32l0xx_hal_cortex.o
 .text.HAL_NVIC_SetPriority
                0x00000000080093bc       0x2a ./Drivers/STM32L0xx_HAL_Driver/Src/stm32l0xx_hal_cortex.o
                0x00000000080093bc                HAL_NVIC_SetPriority
 .text.HAL_SYSTICK_Config
                0x00000000080093e6       0x1a ./Drivers/STM32L0xx_HAL_Driver/Src/stm32l0xx_hal_cortex.o
                0x00000000080093e6                HAL_SYSTICK_Config
 .text.HAL_GPIO_Init
                0x0000000008009400      0x2fc ./Drivers/STM32L0xx_HAL_Driver/Src/stm32l0xx_hal_gpio.o
                0x0000000008009400                HAL_GPIO_Init
 .text.HAL_GPIO_ReadPin
                0x00000000080096fc       0x3a ./Drivers/STM32L0xx_HAL_Driver/Src/stm32l0xx_hal_gpio.o
                0x00000000080096fc                HAL_GPIO_ReadPin
 .text.HAL_GPIO_WritePin
                0x0000000008009736       0x3a ./Drivers/STM32L0xx_HAL_Driver/Src/stm32l0xx_hal_gpio.o
                0x0000000008009736                HAL_GPIO_WritePin
 .text.HAL_RCC_OscConfig
                0x0000000008009770      0x7a8 ./Drivers/STM32L0xx_HAL_Driver/Src/stm32l0xx_hal_rcc.o
                0x0000000008009770                HAL_RCC_OscConfig
 .text.HAL_RCC_ClockConfig
                0x0000000008009f18      0x290 ./Drivers/STM32L0xx_HAL_Driver/Src/stm32l0xx_hal_rcc.o
                0x0000000008009f18                HAL_RCC_ClockConfig
 .text.HAL_RCC_GetSysClockFreq
                0x000000000800a1a8      0x14c ./Drivers/STM32L0xx_HAL_Driver/Src/stm32l0xx_hal_rcc.o
                0x000000000800a1a8                HAL_RCC_GetSysClockFreq
 .text.HAL_RCC_GetHCLKFreq
                0x000000000800a2f4       0x14 ./Drivers/STM32L0xx_HAL_Driver/Src/stm32l0xx_hal_rcc.o
                0x000000000800a2f4                HAL_RCC_GetHCLKFreq
 .text.HAL_RCC_GetPCLK1Freq
                0x000000000800a308       0x2c ./Drivers/STM32L0xx_HAL_Driver/Src/stm32l0xx_hal_rcc.o
                0x000000000800a308                HAL_RCC_GetPCLK1Freq
 .text.HAL_RCC_GetPCLK2Freq
                0x000000000800a334       0x2c ./Drivers/STM32L0xx_HAL_Driver/Src/stm32l0xx_hal_rcc.o
                0x000000000800a334                HAL_RCC_GetPCLK2Freq
 .text.HAL_RCCEx_PeriphCLKConfig
                0x000000000800a360      0x2e8 ./Drivers/STM32L0xx_HAL_Driver/Src/stm32l0xx_hal_rcc_ex.o
                0x000000000800a360                HAL_RCCEx_PeriphCLKConfig
 .text.HAL_UART_Init
                0x000000000800a648       0xa8 ./Drivers/STM32L0xx_HAL_Driver/Src/stm32l0xx_hal_uart.o
                0x000000000800a648                HAL_UART_Init
 .text.HAL_UART_Transmit
                0x000000000800a6f0      0x150 ./Drivers/STM32L0xx_HAL_Driver/Src/stm32l0xx_hal_uart.o
                0x000000000800a6f0                HAL_UART_Transmit
 .text.UART_SetConfig
                0x000000000800a840      0x540 ./Drivers/STM32L0xx_HAL_Driver/Src/stm32l0xx_hal_uart.o
                0x000000000800a840                UART_SetConfig
 .text.UART_AdvFeatureConfig
                0x000000000800ad80      0x168 ./Drivers/STM32L0xx_HAL_Driver/Src/stm32l0xx_hal_uart.o
                0x000000000800ad80                UART_AdvFeatureConfig
 .text.UART_CheckIdleState
                0x000000000800aee8       0x90 ./Drivers/STM32L0xx_HAL_Driver/Src/stm32l0xx_hal_uart.o
                0x000000000800aee8                UART_CheckIdleState
 .text.UART_WaitOnFlagUntilTimeout
                0x000000000800af78      0x188 ./Drivers/STM32L0xx_HAL_Driver/Src/stm32l0xx_hal_uart.o
                0x000000000800af78                UART_WaitOnFlagUntilTimeout
 .text.__libc_init_array
                0x000000000800b100       0x48 c:/st/stm32cubeide_1.9.0/stm32cubeide/plugins/com.st.stm32cube.ide.mcu.externaltools.gnu-tools-for-stm32.10.3-2021.10.win32_1.0.0.202111181127/tools/bin/../lib/gcc/arm-none-eabi/10.3.1/../../../../arm-none-eabi/lib/thumb/v6-m/nofp\libc_nano.a(lib_a-init.o)
                0x000000000800b100                __libc_init_array
 .text.memset   0x000000000800b148       0x10 c:/st/stm32cubeide_1.9.0/stm32cubeide/plugins/com.st.stm32cube.ide.mcu.externaltools.gnu-tools-for-stm32.10.3-2021.10.win32_1.0.0.202111181127/tools/bin/../lib/gcc/arm-none-eabi/10.3.1/../../../../arm-none-eabi/lib/thumb/v6-m/nofp\libc_nano.a(lib_a-memset.o)
                0x000000000800b148                memset
 *(.glue_7)
 .glue_7        0x000000000800b158        0x0 linker stubs
 *(.glue_7t)
 .glue_7t       0x000000000800b158        0x0 linker stubs
 *(.eh_frame)
 .eh_frame      0x000000000800b158        0x0 c:/st/stm32cubeide_1.9.0/stm32cubeide/plugins/com.st.stm32cube.ide.mcu.externaltools.gnu-tools-for-stm32.10.3-2021.10.win32_1.0.0.202111181127/tools/bin/../lib/gcc/arm-none-eabi/10.3.1/thumb/v6-m/nofp/crtbegin.o
 *(.init)
 .init          0x000000000800b158        0x4 c:/st/stm32cubeide_1.9.0/stm32cubeide/plugins/com.st.stm32cube.ide.mcu.externaltools.gnu-tools-for-stm32.10.3-2021.10.win32_1.0.0.202111181127/tools/bin/../lib/gcc/arm-none-eabi/10.3.1/thumb/v6-m/nofp/crti.o
                0x000000000800b158                _init
 .init          0x000000000800b15c        0x8 c:/st/stm32cubeide_1.9.0/stm32cubeide/plugins/com.st.stm32cube.ide.mcu.externaltools.gnu-tools-for-stm32.10.3-2021.10.win32_1.0.0.202111181127/tools/bin/../lib/gcc/arm-none-eabi/10.3.1/thumb/v6-m/nofp/crtn.o
 *(.fini)
 .fini          0x000000000800b164        0x4 c:/st/stm32cubeide_1.9.0/stm32cubeide/plugins/com.st.stm32cube.ide.mcu.externaltools.gnu-tools-for-stm32.10.3-2021.10.win32_1.0.0.202111181127/tools/bin/../lib/gcc/arm-none-eabi/10.3.1/thumb/v6-m/nofp/crti.o
                0x000000000800b164                _fini
 .fini          0x000000000800b168        0x8 c:/st/stm32cubeide_1.9.0/stm32cubeide/plugins/com.st.stm32cube.ide.mcu.externaltools.gnu-tools-for-stm32.10.3-2021.10.win32_1.0.0.202111181127/tools/bin/../lib/gcc/arm-none-eabi/10.3.1/thumb/v6-m/nofp/crtn.o
                0x000000000800b170                . = ALIGN (0x4)
                0x000000000800b170                _etext = .

.vfp11_veneer   0x000000000800b170        0x0
 .vfp11_veneer  0x000000000800b170        0x0 linker stubs

.v4_bx          0x000000000800b170        0x0
 .v4_bx         0x000000000800b170        0x0 linker stubs

.iplt           0x000000000800b170        0x0
 .iplt          0x000000000800b170        0x0 c:/st/stm32cubeide_1.9.0/stm32cubeide/plugins/com.st.stm32cube.ide.mcu.externaltools.gnu-tools-for-stm32.10.3-2021.10.win32_1.0.0.202111181127/tools/bin/../lib/gcc/arm-none-eabi/10.3.1/thumb/v6-m/nofp/crtbegin.o

.rodata         0x000000000800b170      0x354
                0x000000000800b170                . = ALIGN (0x4)
 *(.rodata)
 .rodata        0x000000000800b170       0x27 ./Core/Src/main.o
 *(.rodata*)
 *fill*         0x000000000800b197        0x1 
 .rodata._ZL29mario_bros_nes_sprite_sheet_2
                0x000000000800b198       0x80 ./Core/Src/main.o
 .rodata.ASCII  0x000000000800b218      0x240 ./Core/Src/nokia5110_LCD.o
 .rodata.AHBPrescTable
                0x000000000800b458       0x10 ./Core/Src/system_stm32l0xx.o
                0x000000000800b458                AHBPrescTable
 .rodata.APBPrescTable
                0x000000000800b468        0x8 ./Core/Src/system_stm32l0xx.o
                0x000000000800b468                APBPrescTable
 .rodata.PLLMulTable
                0x000000000800b470        0x9 ./Core/Src/system_stm32l0xx.o
                0x000000000800b470                PLLMulTable
 *fill*         0x000000000800b479        0x3 
 .rodata.UART_SetConfig
                0x000000000800b47c       0x48 ./Drivers/STM32L0xx_HAL_Driver/Src/stm32l0xx_hal_uart.o
                0x000000000800b4c4                . = ALIGN (0x4)

.ARM.extab      0x000000000800b4c4        0x0
                0x000000000800b4c4                . = ALIGN (0x4)
 *(.ARM.extab* .gnu.linkonce.armextab.*)
                0x000000000800b4c4                . = ALIGN (0x4)

.ARM            0x000000000800b4c4        0x8
                0x000000000800b4c4                . = ALIGN (0x4)
                0x000000000800b4c4                __exidx_start = .
 *(.ARM.exidx*)
 .ARM.exidx     0x000000000800b4c4        0x8 c:/st/stm32cubeide_1.9.0/stm32cubeide/plugins/com.st.stm32cube.ide.mcu.externaltools.gnu-tools-for-stm32.10.3-2021.10.win32_1.0.0.202111181127/tools/bin/../lib/gcc/arm-none-eabi/10.3.1/thumb/v6-m/nofp\libgcc.a(_udivmoddi4.o)
                0x000000000800b4cc                __exidx_end = .
                0x000000000800b4cc                . = ALIGN (0x4)

.rel.dyn        0x000000000800b4cc        0x0
 .rel.iplt      0x000000000800b4cc        0x0 c:/st/stm32cubeide_1.9.0/stm32cubeide/plugins/com.st.stm32cube.ide.mcu.externaltools.gnu-tools-for-stm32.10.3-2021.10.win32_1.0.0.202111181127/tools/bin/../lib/gcc/arm-none-eabi/10.3.1/thumb/v6-m/nofp/crtbegin.o

.preinit_array  0x000000000800b4cc        0x0
                0x000000000800b4cc                . = ALIGN (0x4)
                0x000000000800b4cc                PROVIDE (__preinit_array_start = .)
 *(.preinit_array*)
                0x000000000800b4cc                PROVIDE (__preinit_array_end = .)
                0x000000000800b4cc                . = ALIGN (0x4)

.init_array     0x000000000800b4cc        0x4
                0x000000000800b4cc                . = ALIGN (0x4)
                0x000000000800b4cc                PROVIDE (__init_array_start = .)
 *(SORT_BY_NAME(.init_array.*))
 *(.init_array*)
 .init_array    0x000000000800b4cc        0x4 c:/st/stm32cubeide_1.9.0/stm32cubeide/plugins/com.st.stm32cube.ide.mcu.externaltools.gnu-tools-for-stm32.10.3-2021.10.win32_1.0.0.202111181127/tools/bin/../lib/gcc/arm-none-eabi/10.3.1/thumb/v6-m/nofp/crtbegin.o
                0x000000000800b4d0                PROVIDE (__init_array_end = .)
                0x000000000800b4d0                . = ALIGN (0x4)

.fini_array     0x000000000800b4d0        0x4
                0x000000000800b4d0                . = ALIGN (0x4)
                [!provide]                        PROVIDE (__fini_array_start = .)
 *(SORT_BY_NAME(.fini_array.*))
 *(.fini_array*)
 .fini_array    0x000000000800b4d0        0x4 c:/st/stm32cubeide_1.9.0/stm32cubeide/plugins/com.st.stm32cube.ide.mcu.externaltools.gnu-tools-for-stm32.10.3-2021.10.win32_1.0.0.202111181127/tools/bin/../lib/gcc/arm-none-eabi/10.3.1/thumb/v6-m/nofp/crtbegin.o
                [!provide]                        PROVIDE (__fini_array_end = .)
                0x000000000800b4d4                . = ALIGN (0x4)
                0x000000000800b4d4                _sidata = LOADADDR (.data)

.data           0x0000000020000000        0xc load address 0x000000000800b4d4
                0x0000000020000000                . = ALIGN (0x4)
                0x0000000020000000                _sdata = .
 *(.data)
 *(.data*)
 .data.SystemCoreClock
                0x0000000020000000        0x4 ./Core/Src/system_stm32l0xx.o
                0x0000000020000000                SystemCoreClock
 .data.uwTickPrio
                0x0000000020000004        0x4 ./Drivers/STM32L0xx_HAL_Driver/Src/stm32l0xx_hal.o
                0x0000000020000004                uwTickPrio
 .data.uwTickFreq
                0x0000000020000008        0x1 ./Drivers/STM32L0xx_HAL_Driver/Src/stm32l0xx_hal.o
                0x0000000020000008                uwTickFreq
 *(.RamFunc)
 *(.RamFunc*)
                0x000000002000000c                . = ALIGN (0x4)
 *fill*         0x0000000020000009        0x3 
                0x000000002000000c                _edata = .

.igot.plt       0x000000002000000c        0x0 load address 0x000000000800b4e0
 .igot.plt      0x000000002000000c        0x0 c:/st/stm32cubeide_1.9.0/stm32cubeide/plugins/com.st.stm32cube.ide.mcu.externaltools.gnu-tools-for-stm32.10.3-2021.10.win32_1.0.0.202111181127/tools/bin/../lib/gcc/arm-none-eabi/10.3.1/thumb/v6-m/nofp/crtbegin.o
                0x000000002000000c                . = ALIGN (0x4)

.bss            0x000000002000000c      0x2c8 load address 0x000000000800b4e0
                0x000000002000000c                _sbss = .
                0x000000002000000c                __bss_start__ = _sbss
 *(.bss)
 .bss           0x000000002000000c       0x1c c:/st/stm32cubeide_1.9.0/stm32cubeide/plugins/com.st.stm32cube.ide.mcu.externaltools.gnu-tools-for-stm32.10.3-2021.10.win32_1.0.0.202111181127/tools/bin/../lib/gcc/arm-none-eabi/10.3.1/thumb/v6-m/nofp/crtbegin.o
 *(.bss*)
 .bss.huart2    0x0000000020000028       0x84 ./Core/Src/main.o
                0x0000000020000028                huart2
 .bss.lcd       0x00000000200000ac      0x1f9 ./Core/Src/nokia5110_LCD.o
                0x00000000200000ac                lcd
 *fill*         0x00000000200002a5        0x3 
 .bss.lcd_gpio  0x00000000200002a8       0x28 ./Core/Src/nokia5110_LCD.o
                0x00000000200002a8                lcd_gpio
 .bss.uwTick    0x00000000200002d0        0x4 ./Drivers/STM32L0xx_HAL_Driver/Src/stm32l0xx_hal.o
                0x00000000200002d0                uwTick
 *(COMMON)
                0x00000000200002d4                . = ALIGN (0x4)
                0x00000000200002d4                _ebss = .
                0x00000000200002d4                __bss_end__ = _ebss

._user_heap_stack
                0x00000000200002d4      0x604 load address 0x000000000800b4e0
                0x00000000200002d8                . = ALIGN (0x8)
 *fill*         0x00000000200002d4        0x4 
                [!provide]                        PROVIDE (end = .)
                0x00000000200002d8                PROVIDE (_end = .)
                0x00000000200004d8                . = (. + _Min_Heap_Size)
 *fill*         0x00000000200002d8      0x200 
                0x00000000200008d8                . = (. + _Min_Stack_Size)
 *fill*         0x00000000200004d8      0x400 
                0x00000000200008d8                . = ALIGN (0x8)

/DISCARD/
 libc.a(*)
 libm.a(*)
 libgcc.a(*)

.ARM.attributes
                0x0000000000000000       0x28
 *(.ARM.attributes)
 .ARM.attributes
                0x0000000000000000       0x1e c:/st/stm32cubeide_1.9.0/stm32cubeide/plugins/com.st.stm32cube.ide.mcu.externaltools.gnu-tools-for-stm32.10.3-2021.10.win32_1.0.0.202111181127/tools/bin/../lib/gcc/arm-none-eabi/10.3.1/thumb/v6-m/nofp/crti.o
 .ARM.attributes
                0x000000000000001e       0x2c c:/st/stm32cubeide_1.9.0/stm32cubeide/plugins/com.st.stm32cube.ide.mcu.externaltools.gnu-tools-for-stm32.10.3-2021.10.win32_1.0.0.202111181127/tools/bin/../lib/gcc/arm-none-eabi/10.3.1/thumb/v6-m/nofp/crtbegin.o
 .ARM.attributes
                0x000000000000004a       0x2c ./Core/Src/GamepadButton.o
 .ARM.attributes
                0x0000000000000076       0x2c ./Core/Src/main.o
 .ARM.attributes
                0x00000000000000a2       0x2c ./Core/Src/nokia5110_LCD.o
 .ARM.attributes
                0x00000000000000ce       0x2c ./Core/Src/stm32l0xx_hal_msp.o
 .ARM.attributes
                0x00000000000000fa       0x2c ./Core/Src/stm32l0xx_it.o
 .ARM.attributes
                0x0000000000000126       0x2c ./Core/Src/system_stm32l0xx.o
 .ARM.attributes
                0x0000000000000152       0x22 ./Core/Startup/startup_stm32l073rztx.o
 .ARM.attributes
                0x0000000000000174       0x2c ./Drivers/STM32L0xx_HAL_Driver/Src/stm32l0xx_hal.o
 .ARM.attributes
                0x00000000000001a0       0x2c ./Drivers/STM32L0xx_HAL_Driver/Src/stm32l0xx_hal_cortex.o
 .ARM.attributes
                0x00000000000001cc       0x2c ./Drivers/STM32L0xx_HAL_Driver/Src/stm32l0xx_hal_gpio.o
 .ARM.attributes
                0x00000000000001f8       0x2c ./Drivers/STM32L0xx_HAL_Driver/Src/stm32l0xx_hal_rcc.o
 .ARM.attributes
                0x0000000000000224       0x2c ./Drivers/STM32L0xx_HAL_Driver/Src/stm32l0xx_hal_rcc_ex.o
 .ARM.attributes
                0x0000000000000250       0x2c ./Drivers/STM32L0xx_HAL_Driver/Src/stm32l0xx_hal_uart.o
 .ARM.attributes
                0x000000000000027c       0x2c c:/st/stm32cubeide_1.9.0/stm32cubeide/plugins/com.st.stm32cube.ide.mcu.externaltools.gnu-tools-for-stm32.10.3-2021.10.win32_1.0.0.202111181127/tools/bin/../lib/gcc/arm-none-eabi/10.3.1/../../../../arm-none-eabi/lib/thumb/v6-m/nofp\libc_nano.a(lib_a-init.o)
 .ARM.attributes
                0x00000000000002a8       0x2c c:/st/stm32cubeide_1.9.0/stm32cubeide/plugins/com.st.stm32cube.ide.mcu.externaltools.gnu-tools-for-stm32.10.3-2021.10.win32_1.0.0.202111181127/tools/bin/../lib/gcc/arm-none-eabi/10.3.1/../../../../arm-none-eabi/lib/thumb/v6-m/nofp\libc_nano.a(lib_a-memset.o)
 .ARM.attributes
                0x00000000000002d4       0x1e c:/st/stm32cubeide_1.9.0/stm32cubeide/plugins/com.st.stm32cube.ide.mcu.externaltools.gnu-tools-for-stm32.10.3-2021.10.win32_1.0.0.202111181127/tools/bin/../lib/gcc/arm-none-eabi/10.3.1/thumb/v6-m/nofp\libgcc.a(_udivsi3.o)
 .ARM.attributes
                0x00000000000002f2       0x1e c:/st/stm32cubeide_1.9.0/stm32cubeide/plugins/com.st.stm32cube.ide.mcu.externaltools.gnu-tools-for-stm32.10.3-2021.10.win32_1.0.0.202111181127/tools/bin/../lib/gcc/arm-none-eabi/10.3.1/thumb/v6-m/nofp\libgcc.a(_dvmd_tls.o)
 .ARM.attributes
                0x0000000000000310       0x1e c:/st/stm32cubeide_1.9.0/stm32cubeide/plugins/com.st.stm32cube.ide.mcu.externaltools.gnu-tools-for-stm32.10.3-2021.10.win32_1.0.0.202111181127/tools/bin/../lib/gcc/arm-none-eabi/10.3.1/thumb/v6-m/nofp\libgcc.a(_aeabi_uldivmod.o)
 .ARM.attributes
                0x000000000000032e       0x2c c:/st/stm32cubeide_1.9.0/stm32cubeide/plugins/com.st.stm32cube.ide.mcu.externaltools.gnu-tools-for-stm32.10.3-2021.10.win32_1.0.0.202111181127/tools/bin/../lib/gcc/arm-none-eabi/10.3.1/thumb/v6-m/nofp\libgcc.a(_muldi3.o)
 .ARM.attributes
                0x000000000000035a       0x2c c:/st/stm32cubeide_1.9.0/stm32cubeide/plugins/com.st.stm32cube.ide.mcu.externaltools.gnu-tools-for-stm32.10.3-2021.10.win32_1.0.0.202111181127/tools/bin/../lib/gcc/arm-none-eabi/10.3.1/thumb/v6-m/nofp\libgcc.a(_udivmoddi4.o)
 .ARM.attributes
                0x0000000000000386       0x1e c:/st/stm32cubeide_1.9.0/stm32cubeide/plugins/com.st.stm32cube.ide.mcu.externaltools.gnu-tools-for-stm32.10.3-2021.10.win32_1.0.0.202111181127/tools/bin/../lib/gcc/arm-none-eabi/10.3.1/thumb/v6-m/nofp\libgcc.a(_clzsi2.o)
 .ARM.attributes
                0x00000000000003a4       0x1e c:/st/stm32cubeide_1.9.0/stm32cubeide/plugins/com.st.stm32cube.ide.mcu.externaltools.gnu-tools-for-stm32.10.3-2021.10.win32_1.0.0.202111181127/tools/bin/../lib/gcc/arm-none-eabi/10.3.1/thumb/v6-m/nofp\libgcc.a(_clzdi2.o)
 .ARM.attributes
                0x00000000000003c2       0x1e c:/st/stm32cubeide_1.9.0/stm32cubeide/plugins/com.st.stm32cube.ide.mcu.externaltools.gnu-tools-for-stm32.10.3-2021.10.win32_1.0.0.202111181127/tools/bin/../lib/gcc/arm-none-eabi/10.3.1/thumb/v6-m/nofp/crtn.o
OUTPUT(NucStation.elf elf32-littlearm)
LOAD linker stubs
LOAD c:/st/stm32cubeide_1.9.0/stm32cubeide/plugins/com.st.stm32cube.ide.mcu.externaltools.gnu-tools-for-stm32.10.3-2021.10.win32_1.0.0.202111181127/tools/bin/../lib/gcc/arm-none-eabi/10.3.1/../../../../arm-none-eabi/lib/thumb/v6-m/nofp\libc.a
LOAD c:/st/stm32cubeide_1.9.0/stm32cubeide/plugins/com.st.stm32cube.ide.mcu.externaltools.gnu-tools-for-stm32.10.3-2021.10.win32_1.0.0.202111181127/tools/bin/../lib/gcc/arm-none-eabi/10.3.1/../../../../arm-none-eabi/lib/thumb/v6-m/nofp\libm.a
LOAD c:/st/stm32cubeide_1.9.0/stm32cubeide/plugins/com.st.stm32cube.ide.mcu.externaltools.gnu-tools-for-stm32.10.3-2021.10.win32_1.0.0.202111181127/tools/bin/../lib/gcc/arm-none-eabi/10.3.1/thumb/v6-m/nofp\libgcc.a

.debug_info     0x0000000000000000     0x9676
 .debug_info    0x0000000000000000      0x386 ./Core/Src/GamepadButton.o
 .debug_info    0x0000000000000386     0x1113 ./Core/Src/main.o
 .debug_info    0x0000000000001499      0xb72 ./Core/Src/nokia5110_LCD.o
 .debug_info    0x000000000000200b      0x96e ./Core/Src/stm32l0xx_hal_msp.o
 .debug_info    0x0000000000002979      0x12b ./Core/Src/stm32l0xx_it.o
 .debug_info    0x0000000000002aa4      0x3b9 ./Core/Src/system_stm32l0xx.o
 .debug_info    0x0000000000002e5d       0x22 ./Core/Startup/startup_stm32l073rztx.o
 .debug_info    0x0000000000002e7f      0x8ed ./Drivers/STM32L0xx_HAL_Driver/Src/stm32l0xx_hal.o
 .debug_info    0x000000000000376c      0x8e1 ./Drivers/STM32L0xx_HAL_Driver/Src/stm32l0xx_hal_cortex.o
 .debug_info    0x000000000000404d      0x6aa ./Drivers/STM32L0xx_HAL_Driver/Src/stm32l0xx_hal_gpio.o
 .debug_info    0x00000000000046f7      0xa80 ./Drivers/STM32L0xx_HAL_Driver/Src/stm32l0xx_hal_rcc.o
 .debug_info    0x0000000000005177      0x875 ./Drivers/STM32L0xx_HAL_Driver/Src/stm32l0xx_hal_rcc_ex.o
 .debug_info    0x00000000000059ec     0x3c8a ./Drivers/STM32L0xx_HAL_Driver/Src/stm32l0xx_hal_uart.o

.debug_abbrev   0x0000000000000000     0x1a25
 .debug_abbrev  0x0000000000000000      0x236 ./Core/Src/GamepadButton.o
 .debug_abbrev  0x0000000000000236      0x35a ./Core/Src/main.o
 .debug_abbrev  0x0000000000000590      0x2e7 ./Core/Src/nokia5110_LCD.o
 .debug_abbrev  0x0000000000000877      0x190 ./Core/Src/stm32l0xx_hal_msp.o
 .debug_abbrev  0x0000000000000a07       0xad ./Core/Src/stm32l0xx_it.o
 .debug_abbrev  0x0000000000000ab4      0x116 ./Core/Src/system_stm32l0xx.o
 .debug_abbrev  0x0000000000000bca       0x12 ./Core/Startup/startup_stm32l073rztx.o
 .debug_abbrev  0x0000000000000bdc      0x29a ./Drivers/STM32L0xx_HAL_Driver/Src/stm32l0xx_hal.o
 .debug_abbrev  0x0000000000000e76      0x28e ./Drivers/STM32L0xx_HAL_Driver/Src/stm32l0xx_hal_cortex.o
 .debug_abbrev  0x0000000000001104      0x1bb ./Drivers/STM32L0xx_HAL_Driver/Src/stm32l0xx_hal_gpio.o
 .debug_abbrev  0x00000000000012bf      0x28e ./Drivers/STM32L0xx_HAL_Driver/Src/stm32l0xx_hal_rcc.o
 .debug_abbrev  0x000000000000154d      0x20d ./Drivers/STM32L0xx_HAL_Driver/Src/stm32l0xx_hal_rcc_ex.o
 .debug_abbrev  0x000000000000175a      0x2cb ./Drivers/STM32L0xx_HAL_Driver/Src/stm32l0xx_hal_uart.o

.debug_aranges  0x0000000000000000      0x7c0
 .debug_aranges
                0x0000000000000000       0x28 ./Core/Src/GamepadButton.o
 .debug_aranges
                0x0000000000000028       0x50 ./Core/Src/main.o
 .debug_aranges
                0x0000000000000078       0xf0 ./Core/Src/nokia5110_LCD.o
 .debug_aranges
                0x0000000000000168       0x30 ./Core/Src/stm32l0xx_hal_msp.o
 .debug_aranges
                0x0000000000000198       0x40 ./Core/Src/stm32l0xx_it.o
 .debug_aranges
                0x00000000000001d8       0x28 ./Core/Src/system_stm32l0xx.o
 .debug_aranges
                0x0000000000000200       0x28 ./Core/Startup/startup_stm32l073rztx.o
 .debug_aranges
                0x0000000000000228      0x110 ./Drivers/STM32L0xx_HAL_Driver/Src/stm32l0xx_hal.o
 .debug_aranges
                0x0000000000000338       0xd8 ./Drivers/STM32L0xx_HAL_Driver/Src/stm32l0xx_hal_cortex.o
 .debug_aranges
                0x0000000000000410       0x58 ./Drivers/STM32L0xx_HAL_Driver/Src/stm32l0xx_hal_gpio.o
 .debug_aranges
                0x0000000000000468       0x80 ./Drivers/STM32L0xx_HAL_Driver/Src/stm32l0xx_hal_rcc.o
 .debug_aranges
                0x00000000000004e8       0xb0 ./Drivers/STM32L0xx_HAL_Driver/Src/stm32l0xx_hal_rcc_ex.o
 .debug_aranges
                0x0000000000000598      0x228 ./Drivers/STM32L0xx_HAL_Driver/Src/stm32l0xx_hal_uart.o

.debug_ranges   0x0000000000000000      0x740
 .debug_ranges  0x0000000000000000       0x18 ./Core/Src/GamepadButton.o
 .debug_ranges  0x0000000000000018       0x40 ./Core/Src/main.o
 .debug_ranges  0x0000000000000058       0xf8 ./Core/Src/nokia5110_LCD.o
 .debug_ranges  0x0000000000000150       0x20 ./Core/Src/stm32l0xx_hal_msp.o
 .debug_ranges  0x0000000000000170       0x30 ./Core/Src/stm32l0xx_it.o
 .debug_ranges  0x00000000000001a0       0x18 ./Core/Src/system_stm32l0xx.o
 .debug_ranges  0x00000000000001b8       0x20 ./Core/Startup/startup_stm32l073rztx.o
 .debug_ranges  0x00000000000001d8      0x100 ./Drivers/STM32L0xx_HAL_Driver/Src/stm32l0xx_hal.o
 .debug_ranges  0x00000000000002d8       0xc8 ./Drivers/STM32L0xx_HAL_Driver/Src/stm32l0xx_hal_cortex.o
 .debug_ranges  0x00000000000003a0       0x48 ./Drivers/STM32L0xx_HAL_Driver/Src/stm32l0xx_hal_gpio.o
 .debug_ranges  0x00000000000003e8       0x70 ./Drivers/STM32L0xx_HAL_Driver/Src/stm32l0xx_hal_rcc.o
 .debug_ranges  0x0000000000000458       0xa0 ./Drivers/STM32L0xx_HAL_Driver/Src/stm32l0xx_hal_rcc_ex.o
 .debug_ranges  0x00000000000004f8      0x248 ./Drivers/STM32L0xx_HAL_Driver/Src/stm32l0xx_hal_uart.o

.debug_macro    0x0000000000000000    0x14bfc
 .debug_macro   0x0000000000000000      0x1c9 ./Core/Src/GamepadButton.o
 .debug_macro   0x00000000000001c9      0xb26 ./Core/Src/GamepadButton.o
 .debug_macro   0x0000000000000cef      0x11f ./Core/Src/GamepadButton.o
 .debug_macro   0x0000000000000e0e       0x2e ./Core/Src/GamepadButton.o
 .debug_macro   0x0000000000000e3c       0x28 ./Core/Src/GamepadButton.o
 .debug_macro   0x0000000000000e64       0x1c ./Core/Src/GamepadButton.o
 .debug_macro   0x0000000000000e80       0x22 ./Core/Src/GamepadButton.o
 .debug_macro   0x0000000000000ea2       0x8e ./Core/Src/GamepadButton.o
 .debug_macro   0x0000000000000f30       0x51 ./Core/Src/GamepadButton.o
 .debug_macro   0x0000000000000f81      0x103 ./Core/Src/GamepadButton.o
 .debug_macro   0x0000000000001084       0x6a ./Core/Src/GamepadButton.o
 .debug_macro   0x00000000000010ee      0x1df ./Core/Src/GamepadButton.o
 .debug_macro   0x00000000000012cd       0x1c ./Core/Src/GamepadButton.o
 .debug_macro   0x00000000000012e9       0x22 ./Core/Src/GamepadButton.o
 .debug_macro   0x000000000000130b       0xaf ./Core/Src/GamepadButton.o
 .debug_macro   0x00000000000013ba      0x4da ./Core/Src/GamepadButton.o
 .debug_macro   0x0000000000001894      0x11f ./Core/Src/GamepadButton.o
 .debug_macro   0x00000000000019b3     0xa44c ./Core/Src/GamepadButton.o
 .debug_macro   0x000000000000bdff       0x66 ./Core/Src/GamepadButton.o
 .debug_macro   0x000000000000be65     0x355c ./Core/Src/GamepadButton.o
 .debug_macro   0x000000000000f3c1      0x17b ./Core/Src/GamepadButton.o
 .debug_macro   0x000000000000f53c       0x5b ./Core/Src/GamepadButton.o
 .debug_macro   0x000000000000f597      0x8eb ./Core/Src/GamepadButton.o
 .debug_macro   0x000000000000fe82      0xbb4 ./Core/Src/GamepadButton.o
 .debug_macro   0x0000000000010a36      0x197 ./Core/Src/GamepadButton.o
 .debug_macro   0x0000000000010bcd      0x13f ./Core/Src/GamepadButton.o
 .debug_macro   0x0000000000010d0c      0x1d1 ./Core/Src/GamepadButton.o
 .debug_macro   0x0000000000010edd       0x82 ./Core/Src/GamepadButton.o
 .debug_macro   0x0000000000010f5f      0x28e ./Core/Src/GamepadButton.o
 .debug_macro   0x00000000000111ed      0x1e9 ./Core/Src/GamepadButton.o
 .debug_macro   0x00000000000113d6      0x13e ./Core/Src/GamepadButton.o
 .debug_macro   0x0000000000011514      0x4b5 ./Core/Src/GamepadButton.o
 .debug_macro   0x00000000000119c9      0x22c ./Core/Src/GamepadButton.o
 .debug_macro   0x0000000000011bf5       0x5b ./Core/Src/GamepadButton.o
 .debug_macro   0x0000000000011c50       0xa5 ./Core/Src/GamepadButton.o
 .debug_macro   0x0000000000011cf5      0x18d ./Core/Src/GamepadButton.o
 .debug_macro   0x0000000000011e82       0x16 ./Core/Src/GamepadButton.o
 .debug_macro   0x0000000000011e98      0x5ba ./Core/Src/GamepadButton.o
 .debug_macro   0x0000000000012452       0x44 ./Core/Src/GamepadButton.o
 .debug_macro   0x0000000000012496      0x1a2 ./Core/Src/GamepadButton.o
 .debug_macro   0x0000000000012638      0x1f4 ./Core/Src/main.o
 .debug_macro   0x000000000001282c       0x16 ./Core/Src/main.o
 .debug_macro   0x0000000000012842       0x46 ./Core/Src/main.o
 .debug_macro   0x0000000000012888       0x58 ./Core/Src/main.o
 .debug_macro   0x00000000000128e0      0x1d6 ./Core/Src/nokia5110_LCD.o
 .debug_macro   0x0000000000012ab6      0xa4e ./Core/Src/nokia5110_LCD.o
 .debug_macro   0x0000000000013504       0x22 ./Core/Src/nokia5110_LCD.o
 .debug_macro   0x0000000000013526      0x4da ./Core/Src/nokia5110_LCD.o
 .debug_macro   0x0000000000013a00      0x174 ./Core/Src/nokia5110_LCD.o
 .debug_macro   0x0000000000013b74      0x1e5 ./Core/Src/stm32l0xx_hal_msp.o
 .debug_macro   0x0000000000013d59      0x1ef ./Core/Src/stm32l0xx_it.o
 .debug_macro   0x0000000000013f48      0x1cc ./Core/Src/system_stm32l0xx.o
 .debug_macro   0x0000000000014114      0x1de ./Drivers/STM32L0xx_HAL_Driver/Src/stm32l0xx_hal.o
 .debug_macro   0x00000000000142f2      0x1ba ./Drivers/STM32L0xx_HAL_Driver/Src/stm32l0xx_hal_cortex.o
 .debug_macro   0x00000000000144ac      0x1c1 ./Drivers/STM32L0xx_HAL_Driver/Src/stm32l0xx_hal_gpio.o
 .debug_macro   0x000000000001466d      0x1f0 ./Drivers/STM32L0xx_HAL_Driver/Src/stm32l0xx_hal_rcc.o
 .debug_macro   0x000000000001485d      0x1ba ./Drivers/STM32L0xx_HAL_Driver/Src/stm32l0xx_hal_rcc_ex.o
 .debug_macro   0x0000000000014a17      0x1e5 ./Drivers/STM32L0xx_HAL_Driver/Src/stm32l0xx_hal_uart.o

.debug_line     0x0000000000000000     0x9e0b
 .debug_line    0x0000000000000000      0x709 ./Core/Src/GamepadButton.o
 .debug_line    0x0000000000000709      0x8c9 ./Core/Src/main.o
 .debug_line    0x0000000000000fd2      0xe59 ./Core/Src/nokia5110_LCD.o
 .debug_line    0x0000000000001e2b      0x735 ./Core/Src/stm32l0xx_hal_msp.o
 .debug_line    0x0000000000002560      0x74d ./Core/Src/stm32l0xx_it.o
 .debug_line    0x0000000000002cad      0x775 ./Core/Src/system_stm32l0xx.o
 .debug_line    0x0000000000003422       0x89 ./Core/Startup/startup_stm32l073rztx.o
 .debug_line    0x00000000000034ab      0xa10 ./Drivers/STM32L0xx_HAL_Driver/Src/stm32l0xx_hal.o
 .debug_line    0x0000000000003ebb      0xade ./Drivers/STM32L0xx_HAL_Driver/Src/stm32l0xx_hal_cortex.o
 .debug_line    0x0000000000004999      0xab5 ./Drivers/STM32L0xx_HAL_Driver/Src/stm32l0xx_hal_gpio.o
 .debug_line    0x000000000000544e      0xe9c ./Drivers/STM32L0xx_HAL_Driver/Src/stm32l0xx_hal_rcc.o
 .debug_line    0x00000000000062ea      0xdbf ./Drivers/STM32L0xx_HAL_Driver/Src/stm32l0xx_hal_rcc_ex.o
 .debug_line    0x00000000000070a9     0x2d62 ./Drivers/STM32L0xx_HAL_Driver/Src/stm32l0xx_hal_uart.o

.debug_str      0x0000000000000000    0x79ed7
 .debug_str     0x0000000000000000    0x77483 ./Core/Src/GamepadButton.o
                                      0x77794 (size before relaxing)
 .debug_str     0x0000000000077483      0xbe3 ./Core/Src/main.o
                                      0x784e0 (size before relaxing)
 .debug_str     0x0000000000078066      0x411 ./Core/Src/nokia5110_LCD.o
                                      0x77587 (size before relaxing)
 .debug_str     0x0000000000078477       0x66 ./Core/Src/stm32l0xx_hal_msp.o
                                      0x77902 (size before relaxing)
 .debug_str     0x00000000000784dd       0x82 ./Core/Src/stm32l0xx_it.o
                                      0x77401 (size before relaxing)
 .debug_str     0x000000000007855f      0x11c ./Core/Src/system_stm32l0xx.o
                                      0x772d9 (size before relaxing)
 .debug_str     0x000000000007867b       0x36 ./Core/Startup/startup_stm32l073rztx.o
                                         0x73 (size before relaxing)
 .debug_str     0x00000000000786b1      0x5b8 ./Drivers/STM32L0xx_HAL_Driver/Src/stm32l0xx_hal.o
                                      0x77987 (size before relaxing)
 .debug_str     0x0000000000078c69      0x28d ./Drivers/STM32L0xx_HAL_Driver/Src/stm32l0xx_hal_cortex.o
                                      0x776db (size before relaxing)
 .debug_str     0x0000000000078ef6       0xe8 ./Drivers/STM32L0xx_HAL_Driver/Src/stm32l0xx_hal_gpio.o
                                      0x773f6 (size before relaxing)
 .debug_str     0x0000000000078fde      0x2a7 ./Drivers/STM32L0xx_HAL_Driver/Src/stm32l0xx_hal_rcc.o
                                      0x777a3 (size before relaxing)
 .debug_str     0x0000000000079285      0x351 ./Drivers/STM32L0xx_HAL_Driver/Src/stm32l0xx_hal_rcc_ex.o
                                      0x77759 (size before relaxing)
 .debug_str     0x00000000000795d6      0x901 ./Drivers/STM32L0xx_HAL_Driver/Src/stm32l0xx_hal_uart.o
                                      0x77fee (size before relaxing)

.comment        0x0000000000000000       0x50
 .comment       0x0000000000000000       0x50 ./Core/Src/GamepadButton.o
                                         0x51 (size before relaxing)
 .comment       0x0000000000000050       0x51 ./Core/Src/main.o
 .comment       0x0000000000000050       0x51 ./Core/Src/nokia5110_LCD.o
 .comment       0x0000000000000050       0x51 ./Core/Src/stm32l0xx_hal_msp.o
 .comment       0x0000000000000050       0x51 ./Core/Src/stm32l0xx_it.o
 .comment       0x0000000000000050       0x51 ./Core/Src/system_stm32l0xx.o
 .comment       0x0000000000000050       0x51 ./Drivers/STM32L0xx_HAL_Driver/Src/stm32l0xx_hal.o
 .comment       0x0000000000000050       0x51 ./Drivers/STM32L0xx_HAL_Driver/Src/stm32l0xx_hal_cortex.o
 .comment       0x0000000000000050       0x51 ./Drivers/STM32L0xx_HAL_Driver/Src/stm32l0xx_hal_gpio.o
 .comment       0x0000000000000050       0x51 ./Drivers/STM32L0xx_HAL_Driver/Src/stm32l0xx_hal_rcc.o
 .comment       0x0000000000000050       0x51 ./Drivers/STM32L0xx_HAL_Driver/Src/stm32l0xx_hal_rcc_ex.o
 .comment       0x0000000000000050       0x51 ./Drivers/STM32L0xx_HAL_Driver/Src/stm32l0xx_hal_uart.o

.debug_frame    0x0000000000000000     0x1ac8
 .debug_frame   0x0000000000000000       0x50 ./Core/Src/GamepadButton.o
 .debug_frame   0x0000000000000050       0xe8 ./Core/Src/main.o
 .debug_frame   0x0000000000000138      0x380 ./Core/Src/nokia5110_LCD.o
 .debug_frame   0x00000000000004b8       0x6c ./Core/Src/stm32l0xx_hal_msp.o
 .debug_frame   0x0000000000000524       0x9c ./Core/Src/stm32l0xx_it.o
 .debug_frame   0x00000000000005c0       0x4c ./Core/Src/system_stm32l0xx.o
 .debug_frame   0x000000000000060c      0x394 ./Drivers/STM32L0xx_HAL_Driver/Src/stm32l0xx_hal.o
 .debug_frame   0x00000000000009a0      0x2fc ./Drivers/STM32L0xx_HAL_Driver/Src/stm32l0xx_hal_cortex.o
 .debug_frame   0x0000000000000c9c      0x110 ./Drivers/STM32L0xx_HAL_Driver/Src/stm32l0xx_hal_gpio.o
 .debug_frame   0x0000000000000dac      0x1a8 ./Drivers/STM32L0xx_HAL_Driver/Src/stm32l0xx_hal_rcc.o
 .debug_frame   0x0000000000000f54      0x244 ./Drivers/STM32L0xx_HAL_Driver/Src/stm32l0xx_hal_rcc_ex.o
 .debug_frame   0x0000000000001198      0x854 ./Drivers/STM32L0xx_HAL_Driver/Src/stm32l0xx_hal_uart.o
 .debug_frame   0x00000000000019ec       0x2c c:/st/stm32cubeide_1.9.0/stm32cubeide/plugins/com.st.stm32cube.ide.mcu.externaltools.gnu-tools-for-stm32.10.3-2021.10.win32_1.0.0.202111181127/tools/bin/../lib/gcc/arm-none-eabi/10.3.1/../../../../arm-none-eabi/lib/thumb/v6-m/nofp\libc_nano.a(lib_a-init.o)
 .debug_frame   0x0000000000001a18       0x20 c:/st/stm32cubeide_1.9.0/stm32cubeide/plugins/com.st.stm32cube.ide.mcu.externaltools.gnu-tools-for-stm32.10.3-2021.10.win32_1.0.0.202111181127/tools/bin/../lib/gcc/arm-none-eabi/10.3.1/../../../../arm-none-eabi/lib/thumb/v6-m/nofp\libc_nano.a(lib_a-memset.o)
 .debug_frame   0x0000000000001a38       0x20 c:/st/stm32cubeide_1.9.0/stm32cubeide/plugins/com.st.stm32cube.ide.mcu.externaltools.gnu-tools-for-stm32.10.3-2021.10.win32_1.0.0.202111181127/tools/bin/../lib/gcc/arm-none-eabi/10.3.1/thumb/v6-m/nofp\libgcc.a(_udivsi3.o)
 .debug_frame   0x0000000000001a58       0x34 c:/st/stm32cubeide_1.9.0/stm32cubeide/plugins/com.st.stm32cube.ide.mcu.externaltools.gnu-tools-for-stm32.10.3-2021.10.win32_1.0.0.202111181127/tools/bin/../lib/gcc/arm-none-eabi/10.3.1/thumb/v6-m/nofp\libgcc.a(_muldi3.o)
 .debug_frame   0x0000000000001a8c       0x3c c:/st/stm32cubeide_1.9.0/stm32cubeide/plugins/com.st.stm32cube.ide.mcu.externaltools.gnu-tools-for-stm32.10.3-2021.10.win32_1.0.0.202111181127/tools/bin/../lib/gcc/arm-none-eabi/10.3.1/thumb/v6-m/nofp\libgcc.a(_udivmoddi4.o)
