Archive member included to satisfy reference by file (symbol)

c:/st/stm32cubeide_1.9.0/stm32cubeide/plugins/com.st.stm32cube.ide.mcu.externaltools.gnu-tools-for-stm32.10.3-2021.10.win32_1.0.0.202111181127/tools/bin/../lib/gcc/arm-none-eabi/10.3.1/../../../../arm-none-eabi/lib/thumb/v6-m/nofp\libc_nano.a(lib_a-errno.o)
                              ./Core/Src/syscalls.o (__errno)
c:/st/stm32cubeide_1.9.0/stm32cubeide/plugins/com.st.stm32cube.ide.mcu.externaltools.gnu-tools-for-stm32.10.3-2021.10.win32_1.0.0.202111181127/tools/bin/../lib/gcc/arm-none-eabi/10.3.1/../../../../arm-none-eabi/lib/thumb/v6-m/nofp\libc_nano.a(lib_a-exit.o)
                              c:/st/stm32cubeide_1.9.0/stm32cubeide/plugins/com.st.stm32cube.ide.mcu.externaltools.gnu-tools-for-stm32.10.3-2021.10.win32_1.0.0.202111181127/tools/bin/../lib/gcc/arm-none-eabi/10.3.1/../../../../arm-none-eabi/lib/thumb/v6-m/nofp/crt0.o (exit)
c:/st/stm32cubeide_1.9.0/stm32cubeide/plugins/com.st.stm32cube.ide.mcu.externaltools.gnu-tools-for-stm32.10.3-2021.10.win32_1.0.0.202111181127/tools/bin/../lib/gcc/arm-none-eabi/10.3.1/../../../../arm-none-eabi/lib/thumb/v6-m/nofp\libc_nano.a(lib_a-impure.o)
                              c:/st/stm32cubeide_1.9.0/stm32cubeide/plugins/com.st.stm32cube.ide.mcu.externaltools.gnu-tools-for-stm32.10.3-2021.10.win32_1.0.0.202111181127/tools/bin/../lib/gcc/arm-none-eabi/10.3.1/../../../../arm-none-eabi/lib/thumb/v6-m/nofp\libc_nano.a(lib_a-exit.o) (_global_impure_ptr)
c:/st/stm32cubeide_1.9.0/stm32cubeide/plugins/com.st.stm32cube.ide.mcu.externaltools.gnu-tools-for-stm32.10.3-2021.10.win32_1.0.0.202111181127/tools/bin/../lib/gcc/arm-none-eabi/10.3.1/../../../../arm-none-eabi/lib/thumb/v6-m/nofp\libc_nano.a(lib_a-init.o)
                              c:/st/stm32cubeide_1.9.0/stm32cubeide/plugins/com.st.stm32cube.ide.mcu.externaltools.gnu-tools-for-stm32.10.3-2021.10.win32_1.0.0.202111181127/tools/bin/../lib/gcc/arm-none-eabi/10.3.1/../../../../arm-none-eabi/lib/thumb/v6-m/nofp/crt0.o (__libc_init_array)
c:/st/stm32cubeide_1.9.0/stm32cubeide/plugins/com.st.stm32cube.ide.mcu.externaltools.gnu-tools-for-stm32.10.3-2021.10.win32_1.0.0.202111181127/tools/bin/../lib/gcc/arm-none-eabi/10.3.1/../../../../arm-none-eabi/lib/thumb/v6-m/nofp\libc_nano.a(lib_a-itoa.o)
                              ./Core/Src/main.o (itoa)
c:/st/stm32cubeide_1.9.0/stm32cubeide/plugins/com.st.stm32cube.ide.mcu.externaltools.gnu-tools-for-stm32.10.3-2021.10.win32_1.0.0.202111181127/tools/bin/../lib/gcc/arm-none-eabi/10.3.1/../../../../arm-none-eabi/lib/thumb/v6-m/nofp\libc_nano.a(lib_a-memset.o)
                              c:/st/stm32cubeide_1.9.0/stm32cubeide/plugins/com.st.stm32cube.ide.mcu.externaltools.gnu-tools-for-stm32.10.3-2021.10.win32_1.0.0.202111181127/tools/bin/../lib/gcc/arm-none-eabi/10.3.1/../../../../arm-none-eabi/lib/thumb/v6-m/nofp/crt0.o (memset)
c:/st/stm32cubeide_1.9.0/stm32cubeide/plugins/com.st.stm32cube.ide.mcu.externaltools.gnu-tools-for-stm32.10.3-2021.10.win32_1.0.0.202111181127/tools/bin/../lib/gcc/arm-none-eabi/10.3.1/../../../../arm-none-eabi/lib/thumb/v6-m/nofp\libc_nano.a(lib_a-utoa.o)
                              c:/st/stm32cubeide_1.9.0/stm32cubeide/plugins/com.st.stm32cube.ide.mcu.externaltools.gnu-tools-for-stm32.10.3-2021.10.win32_1.0.0.202111181127/tools/bin/../lib/gcc/arm-none-eabi/10.3.1/../../../../arm-none-eabi/lib/thumb/v6-m/nofp\libc_nano.a(lib_a-itoa.o) (__utoa)
c:/st/stm32cubeide_1.9.0/stm32cubeide/plugins/com.st.stm32cube.ide.mcu.externaltools.gnu-tools-for-stm32.10.3-2021.10.win32_1.0.0.202111181127/tools/bin/../lib/gcc/arm-none-eabi/10.3.1/../../../../arm-none-eabi/lib/thumb/v6-m/nofp\libc_nano.a(lib_a-memcpy-stub.o)
                              c:/st/stm32cubeide_1.9.0/stm32cubeide/plugins/com.st.stm32cube.ide.mcu.externaltools.gnu-tools-for-stm32.10.3-2021.10.win32_1.0.0.202111181127/tools/bin/../lib/gcc/arm-none-eabi/10.3.1/../../../../arm-none-eabi/lib/thumb/v6-m/nofp\libc_nano.a(lib_a-utoa.o) (memcpy)
c:/st/stm32cubeide_1.9.0/stm32cubeide/plugins/com.st.stm32cube.ide.mcu.externaltools.gnu-tools-for-stm32.10.3-2021.10.win32_1.0.0.202111181127/tools/bin/../lib/gcc/arm-none-eabi/10.3.1/thumb/v6-m/nofp\libgcc.a(_udivsi3.o)
                              ./Core/Src/nokia5110_LCD.o (__aeabi_uidiv)
c:/st/stm32cubeide_1.9.0/stm32cubeide/plugins/com.st.stm32cube.ide.mcu.externaltools.gnu-tools-for-stm32.10.3-2021.10.win32_1.0.0.202111181127/tools/bin/../lib/gcc/arm-none-eabi/10.3.1/thumb/v6-m/nofp\libgcc.a(_divsi3.o)
                              ./Core/Src/nokia5110_LCD.o (__aeabi_idiv)
c:/st/stm32cubeide_1.9.0/stm32cubeide/plugins/com.st.stm32cube.ide.mcu.externaltools.gnu-tools-for-stm32.10.3-2021.10.win32_1.0.0.202111181127/tools/bin/../lib/gcc/arm-none-eabi/10.3.1/thumb/v6-m/nofp\libgcc.a(_dvmd_tls.o)
[...]
Memory Configuration

Name             Origin             Length             Attributes
RAM              0x0000000020000000 0x0000000000005000 xrw
FLASH            0x0000000008008000 0x0000000000028000 xr
*default*        0x0000000000000000 0xffffffffffffffff

Linker script and memory map

LOAD c:/st/stm32cubeide_1.9.0/stm32cubeide/plugins/com.st.stm32cube.ide.mcu.externaltools.gnu-tools-for-stm32.10.3-2021.10.win32_1.0.0.202111181127/tools/bin/../lib/gcc/arm-none-eabi/10.3.1/thumb/v6-m/nofp/crti.o
LOAD c:/st/stm32cubeide_1.9.0/stm32cubeide/plugins/com.st.stm32cube.ide.mcu.externaltools.gnu-tools-for-stm32.10.3-2021.10.win32_1.0.0.202111181127/tools/bin/../lib/gcc/arm-none-eabi/10.3.1/thumb/v6-m/nofp/crtbegin.o
LOAD c:/st/stm32cubeide_1.9.0/stm32cubeide/plugins/com.st.stm32cube.ide.mcu.externaltools.gnu-tools-for-stm32.10.3-2021.10.win32_1.0.0.202111181127/tools/bin/../lib/gcc/arm-none-eabi/10.3.1/../../../../arm-none-eabi/lib/thumb/v6-m/nofp/crt0.o
LOAD ./Core/Src/GamepadButton.o
LOAD ./Core/Src/main.o
LOAD ./Core/Src/nokia5110_LCD.o
LOAD ./Core/Src/stm32l0xx_hal_msp.o
LOAD ./Core/Src/stm32l0xx_it.o
LOAD ./Core/Src/syscalls.o
LOAD ./Core/Src/sysmem.o
LOAD ./Core/Src/system_stm32l0xx.o
LOAD ./Core/Startup/startup_stm32l073rztx.o
LOAD ./Drivers/STM32L0xx_HAL_Driver/Src/stm32l0xx_hal.o
LOAD ./Drivers/STM32L0xx_HAL_Driver/Src/stm32l0xx_hal_cortex.o
LOAD ./Drivers/STM32L0xx_HAL_Driver/Src/stm32l0xx_hal_dma.o
LOAD ./Drivers/STM32L0xx_HAL_Driver/Src/stm32l0xx_hal_exti.o
LOAD ./Drivers/STM32L0xx_HAL_Driver/Src/stm32l0xx_hal_flash.o
LOAD ./Drivers/STM32L0xx_HAL_Driver/Src/stm32l0xx_hal_flash_ex.o
LOAD ./Drivers/STM32L0xx_HAL_Driver/Src/stm32l0xx_hal_flash_ramfunc.o
LOAD ./Drivers/STM32L0xx_HAL_Driver/Src/stm32l0xx_hal_gpio.o
LOAD ./Drivers/STM32L0xx_HAL_Driver/Src/stm32l0xx_hal_i2c.o
LOAD ./Drivers/STM32L0xx_HAL_Driver/Src/stm32l0xx_hal_i2c_ex.o
LOAD ./Drivers/STM32L0xx_HAL_Driver/Src/stm32l0xx_hal_pwr.o
LOAD ./Drivers/STM32L0xx_HAL_Driver/Src/stm32l0xx_hal_pwr_ex.o
LOAD ./Drivers/STM32L0xx_HAL_Driver/Src/stm32l0xx_hal_rcc.o
LOAD ./Drivers/STM32L0xx_HAL_Driver/Src/stm32l0xx_hal_rcc_ex.o
LOAD ./Drivers/STM32L0xx_HAL_Driver/Src/stm32l0xx_hal_tim.o
LOAD ./Drivers/STM32L0xx_HAL_Driver/Src/stm32l0xx_hal_tim_ex.o
LOAD ./Drivers/STM32L0xx_HAL_Driver/Src/stm32l0xx_hal_uart.o
LOAD ./Drivers/STM32L0xx_HAL_Driver/Src/stm32l0xx_hal_uart_ex.o
START GROUP
LOAD c:/st/stm32cubeide_1.9.0/stm32cubeide/plugins/com.st.stm32cube.ide.mcu.externaltools.gnu-tools-for-stm32.10.3-2021.10.win32_1.0.0.202111181127/tools/bin/../lib/gcc/arm-none-eabi/10.3.1/../../../../arm-none-eabi/lib/thumb/v6-m/nofp\libstdc++_nano.a
LOAD c:/st/stm32cubeide_1.9.0/stm32cubeide/plugins/com.st.stm32cube.ide.mcu.externaltools.gnu-tools-for-stm32.10.3-2021.10.win32_1.0.0.202111181127/tools/bin/../lib/gcc/arm-none-eabi/10.3.1/../../../../arm-none-eabi/lib/thumb/v6-m/nofp\libsupc++_nano.a
END GROUP
LOAD c:/st/stm32cubeide_1.9.0/stm32cubeide/plugins/com.st.stm32cube.ide.mcu.externaltools.gnu-tools-for-stm32.10.3-2021.10.win32_1.0.0.202111181127/tools/bin/../lib/gcc/arm-none-eabi/10.3.1/../../../../arm-none-eabi/lib/thumb/v6-m/nofp\libstdc++_nano.a
LOAD c:/st/stm32cubeide_1.9.0/stm32cubeide/plugins/com.st.stm32cube.ide.mcu.externaltools.gnu-tools-for-stm32.10.3-2021.10.win32_1.0.0.202111181127/tools/bin/../lib/gcc/arm-none-eabi/10.3.1/../../../../arm-none-eabi/lib/thumb/v6-m/nofp\libm.a
LOAD c:/st/stm32cubeide_1.9.0/stm32cubeide/plugins/com.st.stm32cube.ide.mcu.externaltools.gnu-tools-for-stm32.10.3-2021.10.win32_1.0.0.202111181127/tools/bin/../lib/gcc/arm-none-eabi/10.3.1/../../../../arm-none-eabi/lib/thumb/v6-m/nofp\libc_nano.a
START GROUP
LOAD c:/st/stm32cubeide_1.9.0/stm32cubeide/plugins/com.st.stm32cube.ide.mcu.externaltools.gnu-tools-for-stm32.10.3-2021.10.win32_1.0.0.202111181127/tools/bin/../lib/gcc/arm-none-eabi/10.3.1/thumb/v6-m/nofp\libgcc.a
LOAD c:/st/stm32cubeide_1.9.0/stm32cubeide/plugins/com.st.stm32cube.ide.mcu.externaltools.gnu-tools-for-stm32.10.3-2021.10.win32_1.0.0.202111181127/tools/bin/../lib/gcc/arm-none-eabi/10.3.1/../../../../arm-none-eabi/lib/thumb/v6-m/nofp\libc_nano.a
END GROUP
START GROUP
LOAD c:/st/stm32cubeide_1.9.0/stm32cubeide/plugins/com.st.stm32cube.ide.mcu.externaltools.gnu-tools-for-stm32.10.3-2021.10.win32_1.0.0.202111181127/tools/bin/../lib/gcc/arm-none-eabi/10.3.1/thumb/v6-m/nofp\libgcc.a
LOAD c:/st/stm32cubeide_1.9.0/stm32cubeide/plugins/com.st.stm32cube.ide.mcu.externaltools.gnu-tools-for-stm32.10.3-2021.10.win32_1.0.0.202111181127/tools/bin/../lib/gcc/arm-none-eabi/10.3.1/../../../../arm-none-eabi/lib/thumb/v6-m/nofp\libc_nano.a
LOAD c:/st/stm32cubeide_1.9.0/stm32cubeide/plugins/com.st.stm32cube.ide.mcu.externaltools.gnu-tools-for-stm32.10.3-2021.10.win32_1.0.0.202111181127/tools/bin/../lib/gcc/arm-none-eabi/10.3.1/../../../../arm-none-eabi/lib/thumb/v6-m/nofp\libnosys.a
END GROUP
START GROUP
LOAD c:/st/stm32cubeide_1.9.0/stm32cubeide/plugins/com.st.stm32cube.ide.mcu.externaltools.gnu-tools-for-stm32.10.3-2021.10.win32_1.0.0.202111181127/tools/bin/../lib/gcc/arm-none-eabi/10.3.1/thumb/v6-m/nofp\libgcc.a
LOAD c:/st/stm32cubeide_1.9.0/stm32cubeide/plugins/com.st.stm32cube.ide.mcu.externaltools.gnu-tools-for-stm32.10.3-2021.10.win32_1.0.0.202111181127/tools/bin/../lib/gcc/arm-none-eabi/10.3.1/../../../../arm-none-eabi/lib/thumb/v6-m/nofp\libc_nano.a
LOAD c:/st/stm32cubeide_1.9.0/stm32cubeide/plugins/com.st.stm32cube.ide.mcu.externaltools.gnu-tools-for-stm32.10.3-2021.10.win32_1.0.0.202111181127/tools/bin/../lib/gcc/arm-none-eabi/10.3.1/../../../../arm-none-eabi/lib/thumb/v6-m/nofp\libnosys.a
END GROUP
LOAD c:/st/stm32cubeide_1.9.0/stm32cubeide/plugins/com.st.stm32cube.ide.mcu.externaltools.gnu-tools-for-stm32.10.3-2021.10.win32_1.0.0.202111181127/tools/bin/../lib/gcc/arm-none-eabi/10.3.1/thumb/v6-m/nofp/crtend.o
LOAD c:/st/stm32cubeide_1.9.0/stm32cubeide/plugins/com.st.stm32cube.ide.mcu.externaltools.gnu-tools-for-stm32.10.3-2021.10.win32_1.0.0.202111181127/tools/bin/../lib/gcc/arm-none-eabi/10.3.1/thumb/v6-m/nofp/crtn.o
                0x0000000020005000                _estack = (ORIGIN (RAM) + LENGTH (RAM))
                0x0000000000000200                _Min_Heap_Size = 0x200
                0x0000000000000400                _Min_Stack_Size = 0x400

.isr_vector     0x0000000008008000       0xc0
                0x0000000008008000                . = ALIGN (0x4)
 *(.isr_vector)
 .isr_vector    0x0000000008008000       0xc0 ./Core/Startup/startup_stm32l073rztx.o
                0x0000000008008000                g_pfnVectors
                0x00000000080080c0                . = ALIGN (0x4)

.text           0x00000000080080c0     0x3a08
                0x00000000080080c0                . = ALIGN (0x4)
 *(.text)
 .text          0x00000000080080c0       0x48 c:/st/stm32cubeide_1.9.0/stm32cubeide/plugins/com.st.stm32cube.ide.mcu.externaltools.gnu-tools-for-stm32.10.3-2021.10.win32_1.0.0.202111181127/tools/bin/../lib/gcc/arm-none-eabi/10.3.1/thumb/v6-m/nofp/crtbegin.o
 .text          0x0000000008008108      0x114 c:/st/stm32cubeide_1.9.0/stm32cubeide/plugins/com.st.stm32cube.ide.mcu.externaltools.gnu-tools-for-stm32.10.3-2021.10.win32_1.0.0.202111181127/tools/bin/../lib/gcc/arm-none-eabi/10.3.1/thumb/v6-m/nofp\libgcc.a(_udivsi3.o)
                0x0000000008008108                __aeabi_uidiv
                0x0000000008008108                __udivsi3
                0x0000000008008214                __aeabi_uidivmod
 .text          0x000000000800821c        0x4 c:/st/stm32cubeide_1.9.0/stm32cubeide/plugins/com.st.stm32cube.ide.mcu.externaltools.gnu-tools-for-stm32.10.3-2021.10.win32_1.0.0.202111181127/tools/bin/../lib/gcc/arm-none-eabi/10.3.1/thumb/v6-m/nofp\libgcc.a(_dvmd_tls.o)
                0x000000000800821c                __aeabi_idiv0
                0x000000000800821c                __aeabi_ldiv0
 .text          0x0000000008008220       0x40 c:/st/stm32cubeide_1.9.0/stm32cubeide/plugins/com.st.stm32cube.ide.mcu.externaltools.gnu-tools-for-stm32.10.3-2021.10.win32_1.0.0.202111181127/tools/bin/../lib/gcc/arm-none-eabi/10.3.1/thumb/v6-m/nofp\libgcc.a(_aeabi_uldivmod.o)
                0x0000000008008220                __aeabi_uldivmod
 .text          0x0000000008008260       0x5c c:/st/stm32cubeide_1.9.0/stm32cubeide/plugins/com.st.stm32cube.ide.mcu.externaltools.gnu-tools-for-stm32.10.3-2021.10.win32_1.0.0.202111181127/tools/bin/../lib/gcc/arm-none-eabi/10.3.1/thumb/v6-m/nofp\libgcc.a(_muldi3.o)
                0x0000000008008260                __muldi3
                0x0000000008008260                __aeabi_lmul
 .text          0x00000000080082bc      0x198 c:/st/stm32cubeide_1.9.0/stm32cubeide/plugins/com.st.stm32cube.ide.mcu.externaltools.gnu-tools-for-stm32.10.3-2021.10.win32_1.0.0.202111181127/tools/bin/../lib/gcc/arm-none-eabi/10.3.1/thumb/v6-m/nofp\libgcc.a(_udivmoddi4.o)
                0x00000000080082bc                __udivmoddi4
 .text          0x0000000008008454       0x3c c:/st/stm32cubeide_1.9.0/stm32cubeide/plugins/com.st.stm32cube.ide.mcu.externaltools.gnu-tools-for-stm32.10.3-2021.10.win32_1.0.0.202111181127/tools/bin/../lib/gcc/arm-none-eabi/10.3.1/thumb/v6-m/nofp\libgcc.a(_clzsi2.o)
                0x0000000008008454                __clzsi2
 .text          0x0000000008008490       0x18 c:/st/stm32cubeide_1.9.0/stm32cubeide/plugins/com.st.stm32cube.ide.mcu.externaltools.gnu-tools-for-stm32.10.3-2021.10.win32_1.0.0.202111181127/tools/bin/../lib/gcc/arm-none-eabi/10.3.1/thumb/v6-m/nofp\libgcc.a(_clzdi2.o)
                0x0000000008008490                __clzdi2
 *(.text*)
 .text._ZN13GamepadButtonC2EP12GPIO_TypeDeft
                0x00000000080084a8       0x56 ./Core/Src/GamepadButton.o
                0x00000000080084a8                GamepadButton::GamepadButton(GPIO_TypeDef*, unsigned short)
                0x00000000080084a8                GamepadButton::GamepadButton(GPIO_TypeDef*, unsigned short)
 .text._ZN13GamepadButton12UpdateButtonEv
                0x00000000080084fe       0x4e ./Core/Src/GamepadButton.o
                0x00000000080084fe                GamepadButton::UpdateButton()
 .text._Z11CheckButtonRK13GamepadButtonh
                0x000000000800854c      0x2c0 ./Core/Src/main.o
                0x000000000800854c                CheckButton(GamepadButton const&, unsigned char)
 .text.main     0x000000000800880c      0x3f4 ./Core/Src/main.o
                0x000000000800880c                main
 .text._Z18SystemClock_Configv
                0x0000000008008c00       0xf0 ./Core/Src/main.o
                0x0000000008008c00                SystemClock_Config()
 .text._ZL12MX_TIM6_Initv
                0x0000000008008cf0       0x88 ./Core/Src/main.o
 .text._ZL19MX_USART2_UART_Initv
                0x0000000008008d78       0x68 ./Core/Src/main.o
 .text._ZL12MX_GPIO_Initv
                0x0000000008008de0      0x158 ./Core/Src/main.o
 .text._Z6UPrintPc
                0x0000000008008f38       0x2c ./Core/Src/main.o
                0x0000000008008f38                UPrint(char*)
 .text._Z16length_of_stringPc
                0x0000000008008f64       0x2c ./Core/Src/main.o
                0x0000000008008f64                length_of_string(char*)
 .text._ZL9ResetGamev
                0x0000000008008f90       0x20 ./Core/Src/main.o
 .text.Error_Handler
                0x0000000008008fb0        0xa ./Core/Src/main.o
                0x0000000008008fb0                Error_Handler
 *fill*         0x0000000008008fba        0x2 
 .text.LCD_setRST
                0x0000000008008fbc       0x28 ./Core/Src/nokia5110_LCD.o
                0x0000000008008fbc                LCD_setRST
 .text.LCD_setCE
                0x0000000008008fe4       0x28 ./Core/Src/nokia5110_LCD.o
                0x0000000008008fe4                LCD_setCE
 .text.LCD_setDC
                0x000000000800900c       0x28 ./Core/Src/nokia5110_LCD.o
                0x000000000800900c                LCD_setDC
 .text.LCD_setDIN
                0x0000000008009034       0x28 ./Core/Src/nokia5110_LCD.o
                0x0000000008009034                LCD_setDIN
 .text.LCD_setCLK
                0x000000000800905c       0x28 ./Core/Src/nokia5110_LCD.o
                0x000000000800905c                LCD_setCLK
 .text.LCD_send
                0x0000000008009084       0x84 ./Core/Src/nokia5110_LCD.o
                0x0000000008009084                LCD_send
 .text.LCD_write
                0x0000000008009108       0x9c ./Core/Src/nokia5110_LCD.o
                0x0000000008009108                LCD_write
 .text.LCD_init
                0x00000000080091a4       0x70 ./Core/Src/nokia5110_LCD.o
                0x00000000080091a4                LCD_init
 .text.LCD_putChar
                0x0000000008009214       0x8c ./Core/Src/nokia5110_LCD.o
                0x0000000008009214                LCD_putChar
 .text.LCD_print
                0x00000000080092a0       0x4a ./Core/Src/nokia5110_LCD.o
                0x00000000080092a0                LCD_print
 *fill*         0x00000000080092ea        0x2 
 .text.LCD_clrBuffer
                0x00000000080092ec       0x34 ./Core/Src/nokia5110_LCD.o
                0x00000000080092ec                LCD_clrBuffer
 .text.LCD_clrScr
                0x0000000008009320       0x3c ./Core/Src/nokia5110_LCD.o
                0x0000000008009320                LCD_clrScr
 .text.LCD_goXY
                0x000000000800935c       0x40 ./Core/Src/nokia5110_LCD.o
                0x000000000800935c                LCD_goXY
 .text.LCD_refreshScr
                0x000000000800939c       0x58 ./Core/Src/nokia5110_LCD.o
                0x000000000800939c                LCD_refreshScr
 .text.LCD_refreshArea
                0x00000000080093f4       0xac ./Core/Src/nokia5110_LCD.o
                0x00000000080093f4                LCD_refreshArea
 .text.LCD_setPixel
                0x00000000080094a0       0xd0 ./Core/Src/nokia5110_LCD.o
                0x00000000080094a0                LCD_setPixel
 .text.LCD_drawHLine
                0x0000000008009570       0x98 ./Core/Src/nokia5110_LCD.o
                0x0000000008009570                LCD_drawHLine
 .text.HAL_MspInit
                0x0000000008009608       0x28 ./Core/Src/stm32l0xx_hal_msp.o
                0x0000000008009608                HAL_MspInit
 .text.HAL_TIM_Base_MspInit
                0x0000000008009630       0x30 ./Core/Src/stm32l0xx_hal_msp.o
                0x0000000008009630                HAL_TIM_Base_MspInit
 .text.HAL_UART_MspInit
                0x0000000008009660       0x88 ./Core/Src/stm32l0xx_hal_msp.o
                0x0000000008009660                HAL_UART_MspInit
 .text.NMI_Handler
                0x00000000080096e8        0x6 ./Core/Src/stm32l0xx_it.o
                0x00000000080096e8                NMI_Handler
 .text.HardFault_Handler
                0x00000000080096ee        0x6 ./Core/Src/stm32l0xx_it.o
                0x00000000080096ee                HardFault_Handler
 .text.SVC_Handler
                0x00000000080096f4        0xa ./Core/Src/stm32l0xx_it.o
                0x00000000080096f4                SVC_Handler
 .text.PendSV_Handler
                0x00000000080096fe        0xa ./Core/Src/stm32l0xx_it.o
                0x00000000080096fe                PendSV_Handler
 .text.SysTick_Handler
                0x0000000008009708        0xe ./Core/Src/stm32l0xx_it.o
                0x0000000008009708                SysTick_Handler
 *fill*         0x0000000008009716        0x2 
 .text.SystemInit
                0x0000000008009718       0x18 ./Core/Src/system_stm32l0xx.o
                0x0000000008009718                SystemInit
 .text.Reset_Handler
                0x0000000008009730       0x50 ./Core/Startup/startup_stm32l073rztx.o
                0x0000000008009730                Reset_Handler
 .text.Default_Handler
                0x0000000008009780        0x2 ./Core/Startup/startup_stm32l073rztx.o
                0x0000000008009780                TSC_IRQHandler
                0x0000000008009780                ADC1_COMP_IRQHandler
                0x0000000008009780                PVD_IRQHandler
                0x0000000008009780                I2C1_IRQHandler
                0x0000000008009780                RCC_CRS_IRQHandler
                0x0000000008009780                SPI1_IRQHandler
                0x0000000008009780                TIM6_DAC_IRQHandler
                0x0000000008009780                EXTI2_3_IRQHandler
                0x0000000008009780                I2C2_IRQHandler
                0x0000000008009780                RTC_IRQHandler
                0x0000000008009780                LCD_IRQHandler
                0x0000000008009780                DMA1_Channel4_5_6_7_IRQHandler
                0x0000000008009780                TIM3_IRQHandler
                0x0000000008009780                EXTI4_15_IRQHandler
                0x0000000008009780                DMA1_Channel1_IRQHandler
                0x0000000008009780                USART4_5_IRQHandler
                0x0000000008009780                Default_Handler
                0x0000000008009780                TIM22_IRQHandler
                0x0000000008009780                TIM7_IRQHandler
                0x0000000008009780                EXTI0_1_IRQHandler
                0x0000000008009780                USB_IRQHandler
                0x0000000008009780                I2C3_IRQHandler
                0x0000000008009780                SPI2_IRQHandler
                0x0000000008009780                TIM21_IRQHandler
                0x0000000008009780                WWDG_IRQHandler
                0x0000000008009780                TIM2_IRQHandler
                0x0000000008009780                DMA1_Channel2_3_IRQHandler
                0x0000000008009780                USART2_IRQHandler
                0x0000000008009780                FLASH_IRQHandler
                0x0000000008009780                USART1_IRQHandler
                0x0000000008009780                RNG_LPUART1_IRQHandler
                0x0000000008009780                LPTIM1_IRQHandler
 *fill*         0x0000000008009782        0x2 
 .text.HAL_Init
                0x0000000008009784       0x40 ./Drivers/STM32L0xx_HAL_Driver/Src/stm32l0xx_hal.o
                0x0000000008009784                HAL_Init
 .text.HAL_InitTick
                0x00000000080097c4       0x68 ./Drivers/STM32L0xx_HAL_Driver/Src/stm32l0xx_hal.o
                0x00000000080097c4                HAL_InitTick
 .text.HAL_IncTick
                0x000000000800982c       0x24 ./Drivers/STM32L0xx_HAL_Driver/Src/stm32l0xx_hal.o
                0x000000000800982c                HAL_IncTick
 .text.HAL_GetTick
                0x0000000008009850       0x14 ./Drivers/STM32L0xx_HAL_Driver/Src/stm32l0xx_hal.o
                0x0000000008009850                HAL_GetTick
 .text.HAL_Delay
                0x0000000008009864       0x48 ./Drivers/STM32L0xx_HAL_Driver/Src/stm32l0xx_hal.o
                0x0000000008009864                HAL_Delay
 .text.__NVIC_SetPriority
                0x00000000080098ac       0xdc ./Drivers/STM32L0xx_HAL_Driver/Src/stm32l0xx_hal_cortex.o
 .text.SysTick_Config
                0x0000000008009988       0x48 ./Drivers/STM32L0xx_HAL_Driver/Src/stm32l0xx_hal_cortex.o
 .text.HAL_NVIC_SetPriority
                0x00000000080099d0       0x2a ./Drivers/STM32L0xx_HAL_Driver/Src/stm32l0xx_hal_cortex.o
                0x00000000080099d0                HAL_NVIC_SetPriority
 .text.HAL_SYSTICK_Config
                0x00000000080099fa       0x1a ./Drivers/STM32L0xx_HAL_Driver/Src/stm32l0xx_hal_cortex.o
                0x00000000080099fa                HAL_SYSTICK_Config
 .text.HAL_GPIO_Init
                0x0000000008009a14      0x2fc ./Drivers/STM32L0xx_HAL_Driver/Src/stm32l0xx_hal_gpio.o
                0x0000000008009a14                HAL_GPIO_Init
 .text.HAL_GPIO_ReadPin
                0x0000000008009d10       0x3a ./Drivers/STM32L0xx_HAL_Driver/Src/stm32l0xx_hal_gpio.o
                0x0000000008009d10                HAL_GPIO_ReadPin
 .text.HAL_GPIO_WritePin
                0x0000000008009d4a       0x3a ./Drivers/STM32L0xx_HAL_Driver/Src/stm32l0xx_hal_gpio.o
                0x0000000008009d4a                HAL_GPIO_WritePin
 .text.HAL_RCC_OscConfig
                0x0000000008009d84      0x7a8 ./Drivers/STM32L0xx_HAL_Driver/Src/stm32l0xx_hal_rcc.o
                0x0000000008009d84                HAL_RCC_OscConfig
 .text.HAL_RCC_ClockConfig
                0x000000000800a52c      0x290 ./Drivers/STM32L0xx_HAL_Driver/Src/stm32l0xx_hal_rcc.o
                0x000000000800a52c                HAL_RCC_ClockConfig
 .text.HAL_RCC_GetSysClockFreq
                0x000000000800a7bc      0x14c ./Drivers/STM32L0xx_HAL_Driver/Src/stm32l0xx_hal_rcc.o
                0x000000000800a7bc                HAL_RCC_GetSysClockFreq
 .text.HAL_RCC_GetHCLKFreq
                0x000000000800a908       0x14 ./Drivers/STM32L0xx_HAL_Driver/Src/stm32l0xx_hal_rcc.o
                0x000000000800a908                HAL_RCC_GetHCLKFreq
 .text.HAL_RCC_GetPCLK1Freq
                0x000000000800a91c       0x2c ./Drivers/STM32L0xx_HAL_Driver/Src/stm32l0xx_hal_rcc.o
                0x000000000800a91c                HAL_RCC_GetPCLK1Freq
 .text.HAL_RCC_GetPCLK2Freq
                0x000000000800a948       0x2c ./Drivers/STM32L0xx_HAL_Driver/Src/stm32l0xx_hal_rcc.o
                0x000000000800a948                HAL_RCC_GetPCLK2Freq
 .text.HAL_RCCEx_PeriphCLKConfig
                0x000000000800a974      0x2e8 ./Drivers/STM32L0xx_HAL_Driver/Src/stm32l0xx_hal_rcc_ex.o
                0x000000000800a974                HAL_RCCEx_PeriphCLKConfig
 .text.HAL_TIM_Base_Init
                0x000000000800ac5c       0x80 ./Drivers/STM32L0xx_HAL_Driver/Src/stm32l0xx_hal_tim.o
                0x000000000800ac5c                HAL_TIM_Base_Init
 .text.HAL_TIM_Base_Start
                0x000000000800acdc       0x94 ./Drivers/STM32L0xx_HAL_Driver/Src/stm32l0xx_hal_tim.o
                0x000000000800acdc                HAL_TIM_Base_Start
 .text.TIM_Base_SetConfig
                0x000000000800ad70       0xbc ./Drivers/STM32L0xx_HAL_Driver/Src/stm32l0xx_hal_tim.o
 .text.HAL_TIMEx_MasterConfigSynchronization
                0x000000000800ae2c       0xbc ./Drivers/STM32L0xx_HAL_Driver/Src/stm32l0xx_hal_tim_ex.o
                0x000000000800ae2c                HAL_TIMEx_MasterConfigSynchronization
 .text.HAL_UART_Init
                0x000000000800aee8       0xa8 ./Drivers/STM32L0xx_HAL_Driver/Src/stm32l0xx_hal_uart.o
                0x000000000800aee8                HAL_UART_Init
 .text.HAL_UART_Transmit
                0x000000000800af90      0x150 ./Drivers/STM32L0xx_HAL_Driver/Src/stm32l0xx_hal_uart.o
                0x000000000800af90                HAL_UART_Transmit
 .text.UART_SetConfig
                0x000000000800b0e0      0x540 ./Drivers/STM32L0xx_HAL_Driver/Src/stm32l0xx_hal_uart.o
                0x000000000800b0e0                UART_SetConfig
 .text.UART_AdvFeatureConfig
                0x000000000800b620      0x168 ./Drivers/STM32L0xx_HAL_Driver/Src/stm32l0xx_hal_uart.o
                0x000000000800b620                UART_AdvFeatureConfig
 .text.UART_CheckIdleState
                0x000000000800b788       0x90 ./Drivers/STM32L0xx_HAL_Driver/Src/stm32l0xx_hal_uart.o
                0x000000000800b788                UART_CheckIdleState
 .text.UART_WaitOnFlagUntilTimeout
                0x000000000800b818      0x188 ./Drivers/STM32L0xx_HAL_Driver/Src/stm32l0xx_hal_uart.o
                0x000000000800b818                UART_WaitOnFlagUntilTimeout
 .text.__libc_init_array
                0x000000000800b9a0       0x48 c:/st/stm32cubeide_1.9.0/stm32cubeide/plugins/com.st.stm32cube.ide.mcu.externaltools.gnu-tools-for-stm32.10.3-2021.10.win32_1.0.0.202111181127/tools/bin/../lib/gcc/arm-none-eabi/10.3.1/../../../../arm-none-eabi/lib/thumb/v6-m/nofp\libc_nano.a(lib_a-init.o)
                0x000000000800b9a0                __libc_init_array
 .text.__itoa   0x000000000800b9e8       0x30 c:/st/stm32cubeide_1.9.0/stm32cubeide/plugins/com.st.stm32cube.ide.mcu.externaltools.gnu-tools-for-stm32.10.3-2021.10.win32_1.0.0.202111181127/tools/bin/../lib/gcc/arm-none-eabi/10.3.1/../../../../arm-none-eabi/lib/thumb/v6-m/nofp\libc_nano.a(lib_a-itoa.o)
                0x000000000800b9e8                __itoa
 .text.itoa     0x000000000800ba18        0x8 c:/st/stm32cubeide_1.9.0/stm32cubeide/plugins/com.st.stm32cube.ide.mcu.externaltools.gnu-tools-for-stm32.10.3-2021.10.win32_1.0.0.202111181127/tools/bin/../lib/gcc/arm-none-eabi/10.3.1/../../../../arm-none-eabi/lib/thumb/v6-m/nofp\libc_nano.a(lib_a-itoa.o)
                0x000000000800ba18                itoa
 .text.memset   0x000000000800ba20       0x10 c:/st/stm32cubeide_1.9.0/stm32cubeide/plugins/com.st.stm32cube.ide.mcu.externaltools.gnu-tools-for-stm32.10.3-2021.10.win32_1.0.0.202111181127/tools/bin/../lib/gcc/arm-none-eabi/10.3.1/../../../../arm-none-eabi/lib/thumb/v6-m/nofp\libc_nano.a(lib_a-memset.o)
                0x000000000800ba20                memset
 .text.__utoa   0x000000000800ba30       0x6c c:/st/stm32cubeide_1.9.0/stm32cubeide/plugins/com.st.stm32cube.ide.mcu.externaltools.gnu-tools-for-stm32.10.3-2021.10.win32_1.0.0.202111181127/tools/bin/../lib/gcc/arm-none-eabi/10.3.1/../../../../arm-none-eabi/lib/thumb/v6-m/nofp\libc_nano.a(lib_a-utoa.o)
                0x000000000800ba30                __utoa
 .text.memcpy   0x000000000800ba9c       0x12 c:/st/stm32cubeide_1.9.0/stm32cubeide/plugins/com.st.stm32cube.ide.mcu.externaltools.gnu-tools-for-stm32.10.3-2021.10.win32_1.0.0.202111181127/tools/bin/../lib/gcc/arm-none-eabi/10.3.1/../../../../arm-none-eabi/lib/thumb/v6-m/nofp\libc_nano.a(lib_a-memcpy-stub.o)
                0x000000000800ba9c                memcpy
 *(.glue_7)
 .glue_7        0x000000000800baae        0x0 linker stubs
 *(.glue_7t)
 .glue_7t       0x000000000800baae        0x0 linker stubs
 *(.eh_frame)
 *fill*         0x000000000800baae        0x2 
 .eh_frame      0x000000000800bab0        0x0 c:/st/stm32cubeide_1.9.0/stm32cubeide/plugins/com.st.stm32cube.ide.mcu.externaltools.gnu-tools-for-stm32.10.3-2021.10.win32_1.0.0.202111181127/tools/bin/../lib/gcc/arm-none-eabi/10.3.1/thumb/v6-m/nofp/crtbegin.o
 *(.init)
 .init          0x000000000800bab0        0x4 c:/st/stm32cubeide_1.9.0/stm32cubeide/plugins/com.st.stm32cube.ide.mcu.externaltools.gnu-tools-for-stm32.10.3-2021.10.win32_1.0.0.202111181127/tools/bin/../lib/gcc/arm-none-eabi/10.3.1/thumb/v6-m/nofp/crti.o
                0x000000000800bab0                _init
 .init          0x000000000800bab4        0x8 c:/st/stm32cubeide_1.9.0/stm32cubeide/plugins/com.st.stm32cube.ide.mcu.externaltools.gnu-tools-for-stm32.10.3-2021.10.win32_1.0.0.202111181127/tools/bin/../lib/gcc/arm-none-eabi/10.3.1/thumb/v6-m/nofp/crtn.o
 *(.fini)
 .fini          0x000000000800babc        0x4 c:/st/stm32cubeide_1.9.0/stm32cubeide/plugins/com.st.stm32cube.ide.mcu.externaltools.gnu-tools-for-stm32.10.3-2021.10.win32_1.0.0.202111181127/tools/bin/../lib/gcc/arm-none-eabi/10.3.1/thumb/v6-m/nofp/crti.o
                0x000000000800babc                _fini
 .fini          0x000000000800bac0        0x8 c:/st/stm32cubeide_1.9.0/stm32cubeide/plugins/com.st.stm32cube.ide.mcu.externaltools.gnu-tools-for-stm32.10.3-2021.10.win32_1.0.0.202111181127/tools/bin/../lib/gcc/arm-none-eabi/10.3.1/thumb/v6-m/nofp/crtn.o
                0x000000000800bac8                . = ALIGN (0x4)
                0x000000000800bac8                _etext = .

.vfp11_veneer   0x000000000800bac8        0x0
 .vfp11_veneer  0x000000000800bac8        0x0 linker stubs

.v4_bx          0x000000000800bac8        0x0
 .v4_bx         0x000000000800bac8        0x0 linker stubs

.iplt           0x000000000800bac8        0x0
 .iplt          0x000000000800bac8        0x0 c:/st/stm32cubeide_1.9.0/stm32cubeide/plugins/com.st.stm32cube.ide.mcu.externaltools.gnu-tools-for-stm32.10.3-2021.10.win32_1.0.0.202111181127/tools/bin/../lib/gcc/arm-none-eabi/10.3.1/thumb/v6-m/nofp/crtbegin.o

.rodata         0x000000000800bac8      0x2f8
                0x000000000800bac8                . = ALIGN (0x4)
 *(.rodata)
 .rodata        0x000000000800bac8       0x24 ./Core/Src/main.o
 *(.rodata*)
 .rodata.ASCII  0x000000000800baec      0x240 ./Core/Src/nokia5110_LCD.o
 .rodata.AHBPrescTable
                0x000000000800bd2c       0x10 ./Core/Src/system_stm32l0xx.o
                0x000000000800bd2c                AHBPrescTable
 .rodata.APBPrescTable
                0x000000000800bd3c        0x8 ./Core/Src/system_stm32l0xx.o
                0x000000000800bd3c                APBPrescTable
 .rodata.PLLMulTable
                0x000000000800bd44        0x9 ./Core/Src/system_stm32l0xx.o
                0x000000000800bd44                PLLMulTable
 *fill*         0x000000000800bd4d        0x3 
 .rodata.UART_SetConfig
                0x000000000800bd50       0x48 ./Drivers/STM32L0xx_HAL_Driver/Src/stm32l0xx_hal_uart.o
 .rodata.__utoa.str1.1
                0x000000000800bd98       0x25 c:/st/stm32cubeide_1.9.0/stm32cubeide/plugins/com.st.stm32cube.ide.mcu.externaltools.gnu-tools-for-stm32.10.3-2021.10.win32_1.0.0.202111181127/tools/bin/../lib/gcc/arm-none-eabi/10.3.1/../../../../arm-none-eabi/lib/thumb/v6-m/nofp\libc_nano.a(lib_a-utoa.o)
                0x000000000800bdc0                . = ALIGN (0x4)
 *fill*         0x000000000800bdbd        0x3 

.ARM.extab      0x000000000800bdc0        0x0
                0x000000000800bdc0                . = ALIGN (0x4)
 *(.ARM.extab* .gnu.linkonce.armextab.*)
                0x000000000800bdc0                . = ALIGN (0x4)

.ARM            0x000000000800bdc0        0x8
                0x000000000800bdc0                . = ALIGN (0x4)
                0x000000000800bdc0                __exidx_start = .
 *(.ARM.exidx*)
 .ARM.exidx     0x000000000800bdc0        0x8 c:/st/stm32cubeide_1.9.0/stm32cubeide/plugins/com.st.stm32cube.ide.mcu.externaltools.gnu-tools-for-stm32.10.3-2021.10.win32_1.0.0.202111181127/tools/bin/../lib/gcc/arm-none-eabi/10.3.1/thumb/v6-m/nofp\libgcc.a(_udivmoddi4.o)
                0x000000000800bdc8                __exidx_end = .
                0x000000000800bdc8                . = ALIGN (0x4)

.rel.dyn        0x000000000800bdc8        0x0
 .rel.iplt      0x000000000800bdc8        0x0 c:/st/stm32cubeide_1.9.0/stm32cubeide/plugins/com.st.stm32cube.ide.mcu.externaltools.gnu-tools-for-stm32.10.3-2021.10.win32_1.0.0.202111181127/tools/bin/../lib/gcc/arm-none-eabi/10.3.1/thumb/v6-m/nofp/crtbegin.o

.preinit_array  0x000000000800bdc8        0x0
                0x000000000800bdc8                . = ALIGN (0x4)
                0x000000000800bdc8                PROVIDE (__preinit_array_start = .)
 *(.preinit_array*)
                0x000000000800bdc8                PROVIDE (__preinit_array_end = .)
                0x000000000800bdc8                . = ALIGN (0x4)

.init_array     0x000000000800bdc8        0x4
                0x000000000800bdc8                . = ALIGN (0x4)
                0x000000000800bdc8                PROVIDE (__init_array_start = .)
 *(SORT_BY_NAME(.init_array.*))
 *(.init_array*)
 .init_array    0x000000000800bdc8        0x4 c:/st/stm32cubeide_1.9.0/stm32cubeide/plugins/com.st.stm32cube.ide.mcu.externaltools.gnu-tools-for-stm32.10.3-2021.10.win32_1.0.0.202111181127/tools/bin/../lib/gcc/arm-none-eabi/10.3.1/thumb/v6-m/nofp/crtbegin.o
                0x000000000800bdcc                PROVIDE (__init_array_end = .)
                0x000000000800bdcc                . = ALIGN (0x4)

.fini_array     0x000000000800bdcc        0x4
                0x000000000800bdcc                . = ALIGN (0x4)
                [!provide]                        PROVIDE (__fini_array_start = .)
 *(SORT_BY_NAME(.fini_array.*))
 *(.fini_array*)
 .fini_array    0x000000000800bdcc        0x4 c:/st/stm32cubeide_1.9.0/stm32cubeide/plugins/com.st.stm32cube.ide.mcu.externaltools.gnu-tools-for-stm32.10.3-2021.10.win32_1.0.0.202111181127/tools/bin/../lib/gcc/arm-none-eabi/10.3.1/thumb/v6-m/nofp/crtbegin.o
                [!provide]                        PROVIDE (__fini_array_end = .)
                0x000000000800bdd0                . = ALIGN (0x4)
                0x000000000800bdd0                _sidata = LOADADDR (.data)

.data           0x0000000020000000       0x10 load address 0x000000000800bdd0
                0x0000000020000000                . = ALIGN (0x4)
                0x0000000020000000                _sdata = .
 *(.data)
 *(.data*)
 .data.goingRight
                0x0000000020000000        0x1 ./Core/Src/main.o
                0x0000000020000000                goingRight
 .data.currentSpeed
                0x0000000020000001        0x1 ./Core/Src/main.o
                0x0000000020000001                currentSpeed
 .data.currentLength
                0x0000000020000002        0x1 ./Core/Src/main.o
                0x0000000020000002                currentLength
 .data.yLevel   0x0000000020000003        0x1 ./Core/Src/main.o
                0x0000000020000003                yLevel
 .data.SystemCoreClock
                0x0000000020000004        0x4 ./Core/Src/system_stm32l0xx.o
                0x0000000020000004                SystemCoreClock
 .data.uwTickPrio
                0x0000000020000008        0x4 ./Drivers/STM32L0xx_HAL_Driver/Src/stm32l0xx_hal.o
                0x0000000020000008                uwTickPrio
 .data.uwTickFreq
                0x000000002000000c        0x1 ./Drivers/STM32L0xx_HAL_Driver/Src/stm32l0xx_hal.o
                0x000000002000000c                uwTickFreq
 *(.RamFunc)
 *(.RamFunc*)
                0x0000000020000010                . = ALIGN (0x4)
 *fill*         0x000000002000000d        0x3 
                0x0000000020000010                _edata = .

.igot.plt       0x0000000020000010        0x0 load address 0x000000000800bde0
 .igot.plt      0x0000000020000010        0x0 c:/st/stm32cubeide_1.9.0/stm32cubeide/plugins/com.st.stm32cube.ide.mcu.externaltools.gnu-tools-for-stm32.10.3-2021.10.win32_1.0.0.202111181127/tools/bin/../lib/gcc/arm-none-eabi/10.3.1/thumb/v6-m/nofp/crtbegin.o
                0x0000000020000010                . = ALIGN (0x4)

.bss            0x0000000020000010      0x328 load address 0x000000000800bde0
                0x0000000020000010                _sbss = .
                0x0000000020000010                __bss_start__ = _sbss
 *(.bss)
 .bss           0x0000000020000010       0x1c c:/st/stm32cubeide_1.9.0/stm32cubeide/plugins/com.st.stm32cube.ide.mcu.externaltools.gnu-tools-for-stm32.10.3-2021.10.win32_1.0.0.202111181127/tools/bin/../lib/gcc/arm-none-eabi/10.3.1/thumb/v6-m/nofp/crtbegin.o
 *(.bss*)
 .bss.htim6     0x000000002000002c       0x40 ./Core/Src/main.o
                0x000000002000002c                htim6
 .bss.huart2    0x000000002000006c       0x84 ./Core/Src/main.o
                0x000000002000006c                huart2
 .bss.gameOver  0x00000000200000f0        0x1 ./Core/Src/main.o
                0x00000000200000f0                gameOver
 *fill*         0x00000000200000f1        0x3 
 .bss.scoreText
                0x00000000200000f4        0x8 ./Core/Src/main.o
                0x00000000200000f4                scoreText
 .bss.oldLineEndPoses
                0x00000000200000fc        0x3 ./Core/Src/main.o
                0x00000000200000fc                oldLineEndPoses
 *fill*         0x00000000200000ff        0x1 
 .bss.oldLinePoses
                0x0000000020000100        0x3 ./Core/Src/main.o
                0x0000000020000100                oldLinePoses
 .bss.xLimit    0x0000000020000103        0x1 ./Core/Src/main.o
                0x0000000020000103                xLimit
 .bss.cutAmount
                0x0000000020000104        0x1 ./Core/Src/main.o
                0x0000000020000104                cutAmount
 *fill*         0x0000000020000105        0x3 
 .bss.score     0x0000000020000108        0x4 ./Core/Src/main.o
                0x0000000020000108                score
 .bss.height    0x000000002000010c        0x4 ./Core/Src/main.o
                0x000000002000010c                height
 .bss.lcd       0x0000000020000110      0x1f9 ./Core/Src/nokia5110_LCD.o
                0x0000000020000110                lcd
 *fill*         0x0000000020000309        0x3 
 .bss.lcd_gpio  0x000000002000030c       0x28 ./Core/Src/nokia5110_LCD.o
                0x000000002000030c                lcd_gpio
 .bss.uwTick    0x0000000020000334        0x4 ./Drivers/STM32L0xx_HAL_Driver/Src/stm32l0xx_hal.o
                0x0000000020000334                uwTick
 *(COMMON)
                0x0000000020000338                . = ALIGN (0x4)
                0x0000000020000338                _ebss = .
                0x0000000020000338                __bss_end__ = _ebss

._user_heap_stack
                0x0000000020000338      0x600 load address 0x000000000800bde0
                0x0000000020000338                . = ALIGN (0x8)
                [!provide]                        PROVIDE (end = .)
                0x0000000020000338                PROVIDE (_end = .)
                0x0000000020000538                . = (. + _Min_Heap_Size)
 *fill*         0x0000000020000338      0x200 
                0x0000000020000938                . = (. + _Min_Stack_Size)
 *fill*         0x0000000020000538      0x400 
                0x0000000020000938                . = ALIGN (0x8)

/DISCARD/
 libc.a(*)
 libm.a(*)
 libgcc.a(*)

.ARM.attributes
                0x0000000000000000       0x28
 *(.ARM.attributes)
 .ARM.attributes
                0x0000000000000000       0x1e c:/st/stm32cubeide_1.9.0/stm32cubeide/plugins/com.st.stm32cube.ide.mcu.externaltools.gnu-tools-for-stm32.10.3-2021.10.win32_1.0.0.202111181127/tools/bin/../lib/gcc/arm-none-eabi/10.3.1/thumb/v6-m/nofp/crti.o
 .ARM.attributes
                0x000000000000001e       0x2c c:/st/stm32cubeide_1.9.0/stm32cubeide/plugins/com.st.stm32cube.ide.mcu.externaltools.gnu-tools-for-stm32.10.3-2021.10.win32_1.0.0.202111181127/tools/bin/../lib/gcc/arm-none-eabi/10.3.1/thumb/v6-m/nofp/crtbegin.o
 .ARM.attributes
                0x000000000000004a       0x2c ./Core/Src/GamepadButton.o
 .ARM.attributes
                0x0000000000000076       0x2c ./Core/Src/main.o
 .ARM.attributes
                0x00000000000000a2       0x2c ./Core/Src/nokia5110_LCD.o
 .ARM.attributes
                0x00000000000000ce       0x2c ./Core/Src/stm32l0xx_hal_msp.o
 .ARM.attributes
                0x00000000000000fa       0x2c ./Core/Src/stm32l0xx_it.o
 .ARM.attributes
                0x0000000000000126       0x2c ./Core/Src/system_stm32l0xx.o
 .ARM.attributes
                0x0000000000000152       0x22 ./Core/Startup/startup_stm32l073rztx.o
 .ARM.attributes
                0x0000000000000174       0x2c ./Drivers/STM32L0xx_HAL_Driver/Src/stm32l0xx_hal.o
 .ARM.attributes
                0x00000000000001a0       0x2c ./Drivers/STM32L0xx_HAL_Driver/Src/stm32l0xx_hal_cortex.o
 .ARM.attributes
                0x00000000000001cc       0x2c ./Drivers/STM32L0xx_HAL_Driver/Src/stm32l0xx_hal_gpio.o
 .ARM.attributes
                0x00000000000001f8       0x2c ./Drivers/STM32L0xx_HAL_Driver/Src/stm32l0xx_hal_rcc.o
 .ARM.attributes
                0x0000000000000224       0x2c ./Drivers/STM32L0xx_HAL_Driver/Src/stm32l0xx_hal_rcc_ex.o
 .ARM.attributes
                0x0000000000000250       0x2c ./Drivers/STM32L0xx_HAL_Driver/Src/stm32l0xx_hal_tim.o
 .ARM.attributes
                0x000000000000027c       0x2c ./Drivers/STM32L0xx_HAL_Driver/Src/stm32l0xx_hal_tim_ex.o
 .ARM.attributes
                0x00000000000002a8       0x2c ./Drivers/STM32L0xx_HAL_Driver/Src/stm32l0xx_hal_uart.o
 .ARM.attributes
                0x00000000000002d4       0x2c c:/st/stm32cubeide_1.9.0/stm32cubeide/plugins/com.st.stm32cube.ide.mcu.externaltools.gnu-tools-for-stm32.10.3-2021.10.win32_1.0.0.202111181127/tools/bin/../lib/gcc/arm-none-eabi/10.3.1/../../../../arm-none-eabi/lib/thumb/v6-m/nofp\libc_nano.a(lib_a-init.o)
 .ARM.attributes
                0x0000000000000300       0x2c c:/st/stm32cubeide_1.9.0/stm32cubeide/plugins/com.st.stm32cube.ide.mcu.externaltools.gnu-tools-for-stm32.10.3-2021.10.win32_1.0.0.202111181127/tools/bin/../lib/gcc/arm-none-eabi/10.3.1/../../../../arm-none-eabi/lib/thumb/v6-m/nofp\libc_nano.a(lib_a-itoa.o)
 .ARM.attributes
                0x000000000000032c       0x2c c:/st/stm32cubeide_1.9.0/stm32cubeide/plugins/com.st.stm32cube.ide.mcu.externaltools.gnu-tools-for-stm32.10.3-2021.10.win32_1.0.0.202111181127/tools/bin/../lib/gcc/arm-none-eabi/10.3.1/../../../../arm-none-eabi/lib/thumb/v6-m/nofp\libc_nano.a(lib_a-memset.o)
 .ARM.attributes
                0x0000000000000358       0x2c c:/st/stm32cubeide_1.9.0/stm32cubeide/plugins/com.st.stm32cube.ide.mcu.externaltools.gnu-tools-for-stm32.10.3-2021.10.win32_1.0.0.202111181127/tools/bin/../lib/gcc/arm-none-eabi/10.3.1/../../../../arm-none-eabi/lib/thumb/v6-m/nofp\libc_nano.a(lib_a-utoa.o)
 .ARM.attributes
                0x0000000000000384       0x2c c:/st/stm32cubeide_1.9.0/stm32cubeide/plugins/com.st.stm32cube.ide.mcu.externaltools.gnu-tools-for-stm32.10.3-2021.10.win32_1.0.0.202111181127/tools/bin/../lib/gcc/arm-none-eabi/10.3.1/../../../../arm-none-eabi/lib/thumb/v6-m/nofp\libc_nano.a(lib_a-memcpy-stub.o)
 .ARM.attributes
                0x00000000000003b0       0x1e c:/st/stm32cubeide_1.9.0/stm32cubeide/plugins/com.st.stm32cube.ide.mcu.externaltools.gnu-tools-for-stm32.10.3-2021.10.win32_1.0.0.202111181127/tools/bin/../lib/gcc/arm-none-eabi/10.3.1/thumb/v6-m/nofp\libgcc.a(_udivsi3.o)
 .ARM.attributes
                0x00000000000003ce       0x1e c:/st/stm32cubeide_1.9.0/stm32cubeide/plugins/com.st.stm32cube.ide.mcu.externaltools.gnu-tools-for-stm32.10.3-2021.10.win32_1.0.0.202111181127/tools/bin/../lib/gcc/arm-none-eabi/10.3.1/thumb/v6-m/nofp\libgcc.a(_dvmd_tls.o)
 .ARM.attributes
                0x00000000000003ec       0x1e c:/st/stm32cubeide_1.9.0/stm32cubeide/plugins/com.st.stm32cube.ide.mcu.externaltools.gnu-tools-for-stm32.10.3-2021.10.win32_1.0.0.202111181127/tools/bin/../lib/gcc/arm-none-eabi/10.3.1/thumb/v6-m/nofp\libgcc.a(_aeabi_uldivmod.o)
 .ARM.attributes
                0x000000000000040a       0x2c c:/st/stm32cubeide_1.9.0/stm32cubeide/plugins/com.st.stm32cube.ide.mcu.externaltools.gnu-tools-for-stm32.10.3-2021.10.win32_1.0.0.202111181127/tools/bin/../lib/gcc/arm-none-eabi/10.3.1/thumb/v6-m/nofp\libgcc.a(_muldi3.o)
 .ARM.attributes
                0x0000000000000436       0x2c c:/st/stm32cubeide_1.9.0/stm32cubeide/plugins/com.st.stm32cube.ide.mcu.externaltools.gnu-tools-for-stm32.10.3-2021.10.win32_1.0.0.202111181127/tools/bin/../lib/gcc/arm-none-eabi/10.3.1/thumb/v6-m/nofp\libgcc.a(_udivmoddi4.o)
 .ARM.attributes
                0x0000000000000462       0x1e c:/st/stm32cubeide_1.9.0/stm32cubeide/plugins/com.st.stm32cube.ide.mcu.externaltools.gnu-tools-for-stm32.10.3-2021.10.win32_1.0.0.202111181127/tools/bin/../lib/gcc/arm-none-eabi/10.3.1/thumb/v6-m/nofp\libgcc.a(_clzsi2.o)
 .ARM.attributes
                0x0000000000000480       0x1e c:/st/stm32cubeide_1.9.0/stm32cubeide/plugins/com.st.stm32cube.ide.mcu.externaltools.gnu-tools-for-stm32.10.3-2021.10.win32_1.0.0.202111181127/tools/bin/../lib/gcc/arm-none-eabi/10.3.1/thumb/v6-m/nofp\libgcc.a(_clzdi2.o)
 .ARM.attributes
                0x000000000000049e       0x1e c:/st/stm32cubeide_1.9.0/stm32cubeide/plugins/com.st.stm32cube.ide.mcu.externaltools.gnu-tools-for-stm32.10.3-2021.10.win32_1.0.0.202111181127/tools/bin/../lib/gcc/arm-none-eabi/10.3.1/thumb/v6-m/nofp/crtn.o
OUTPUT(NucStationStack.elf elf32-littlearm)
LOAD linker stubs
LOAD c:/st/stm32cubeide_1.9.0/stm32cubeide/plugins/com.st.stm32cube.ide.mcu.externaltools.gnu-tools-for-stm32.10.3-2021.10.win32_1.0.0.202111181127/tools/bin/../lib/gcc/arm-none-eabi/10.3.1/../../../../arm-none-eabi/lib/thumb/v6-m/nofp\libc.a
LOAD c:/st/stm32cubeide_1.9.0/stm32cubeide/plugins/com.st.stm32cube.ide.mcu.externaltools.gnu-tools-for-stm32.10.3-2021.10.win32_1.0.0.202111181127/tools/bin/../lib/gcc/arm-none-eabi/10.3.1/../../../../arm-none-eabi/lib/thumb/v6-m/nofp\libm.a
LOAD c:/st/stm32cubeide_1.9.0/stm32cubeide/plugins/com.st.stm32cube.ide.mcu.externaltools.gnu-tools-for-stm32.10.3-2021.10.win32_1.0.0.202111181127/tools/bin/../lib/gcc/arm-none-eabi/10.3.1/thumb/v6-m/nofp\libgcc.a

.debug_info     0x0000000000000000     0xd7d1
 .debug_info    0x0000000000000000      0x386 ./Core/Src/GamepadButton.o
 .debug_info    0x0000000000000386     0x1e19 ./Core/Src/main.o
 .debug_info    0x000000000000219f      0xb72 ./Core/Src/nokia5110_LCD.o
 .debug_info    0x0000000000002d11      0xce4 ./Core/Src/stm32l0xx_hal_msp.o
 .debug_info    0x00000000000039f5      0x12b ./Core/Src/stm32l0xx_it.o
 .debug_info    0x0000000000003b20      0x3b9 ./Core/Src/system_stm32l0xx.o
 .debug_info    0x0000000000003ed9       0x22 ./Core/Startup/startup_stm32l073rztx.o
 .debug_info    0x0000000000003efb      0x8ed ./Drivers/STM32L0xx_HAL_Driver/Src/stm32l0xx_hal.o
 .debug_info    0x00000000000047e8      0x8e1 ./Drivers/STM32L0xx_HAL_Driver/Src/stm32l0xx_hal_cortex.o
 .debug_info    0x00000000000050c9      0x6aa ./Drivers/STM32L0xx_HAL_Driver/Src/stm32l0xx_hal_gpio.o
 .debug_info    0x0000000000005773      0xa80 ./Drivers/STM32L0xx_HAL_Driver/Src/stm32l0xx_hal_rcc.o
 .debug_info    0x00000000000061f3      0x875 ./Drivers/STM32L0xx_HAL_Driver/Src/stm32l0xx_hal_rcc_ex.o
 .debug_info    0x0000000000006a68     0x29ed ./Drivers/STM32L0xx_HAL_Driver/Src/stm32l0xx_hal_tim.o
 .debug_info    0x0000000000009455      0x6f2 ./Drivers/STM32L0xx_HAL_Driver/Src/stm32l0xx_hal_tim_ex.o
 .debug_info    0x0000000000009b47     0x3c8a ./Drivers/STM32L0xx_HAL_Driver/Src/stm32l0xx_hal_uart.o

.debug_abbrev   0x0000000000000000     0x1f57
 .debug_abbrev  0x0000000000000000      0x236 ./Core/Src/GamepadButton.o
 .debug_abbrev  0x0000000000000236      0x46f ./Core/Src/main.o
 .debug_abbrev  0x00000000000006a5      0x2e7 ./Core/Src/nokia5110_LCD.o
 .debug_abbrev  0x000000000000098c      0x1bf ./Core/Src/stm32l0xx_hal_msp.o
 .debug_abbrev  0x0000000000000b4b       0xad ./Core/Src/stm32l0xx_it.o
 .debug_abbrev  0x0000000000000bf8      0x116 ./Core/Src/system_stm32l0xx.o
 .debug_abbrev  0x0000000000000d0e       0x12 ./Core/Startup/startup_stm32l073rztx.o
 .debug_abbrev  0x0000000000000d20      0x29a ./Drivers/STM32L0xx_HAL_Driver/Src/stm32l0xx_hal.o
 .debug_abbrev  0x0000000000000fba      0x28e ./Drivers/STM32L0xx_HAL_Driver/Src/stm32l0xx_hal_cortex.o
 .debug_abbrev  0x0000000000001248      0x1bb ./Drivers/STM32L0xx_HAL_Driver/Src/stm32l0xx_hal_gpio.o
 .debug_abbrev  0x0000000000001403      0x28e ./Drivers/STM32L0xx_HAL_Driver/Src/stm32l0xx_hal_rcc.o
 .debug_abbrev  0x0000000000001691      0x20d ./Drivers/STM32L0xx_HAL_Driver/Src/stm32l0xx_hal_rcc_ex.o
 .debug_abbrev  0x000000000000189e      0x259 ./Drivers/STM32L0xx_HAL_Driver/Src/stm32l0xx_hal_tim.o
 .debug_abbrev  0x0000000000001af7      0x195 ./Drivers/STM32L0xx_HAL_Driver/Src/stm32l0xx_hal_tim_ex.o
 .debug_abbrev  0x0000000000001c8c      0x2cb ./Drivers/STM32L0xx_HAL_Driver/Src/stm32l0xx_hal_uart.o

.debug_aranges  0x0000000000000000      0xbe0
 .debug_aranges
                0x0000000000000000       0x28 ./Core/Src/GamepadButton.o
 .debug_aranges
                0x0000000000000028       0x68 ./Core/Src/main.o
 .debug_aranges
                0x0000000000000090       0xf0 ./Core/Src/nokia5110_LCD.o
 .debug_aranges
                0x0000000000000180       0x40 ./Core/Src/stm32l0xx_hal_msp.o
 .debug_aranges
                0x00000000000001c0       0x40 ./Core/Src/stm32l0xx_it.o
 .debug_aranges
                0x0000000000000200       0x28 ./Core/Src/system_stm32l0xx.o
 .debug_aranges
                0x0000000000000228       0x28 ./Core/Startup/startup_stm32l073rztx.o
 .debug_aranges
                0x0000000000000250      0x110 ./Drivers/STM32L0xx_HAL_Driver/Src/stm32l0xx_hal.o
 .debug_aranges
                0x0000000000000360       0xd8 ./Drivers/STM32L0xx_HAL_Driver/Src/stm32l0xx_hal_cortex.o
 .debug_aranges
                0x0000000000000438       0x58 ./Drivers/STM32L0xx_HAL_Driver/Src/stm32l0xx_hal_gpio.o
 .debug_aranges
                0x0000000000000490       0x80 ./Drivers/STM32L0xx_HAL_Driver/Src/stm32l0xx_hal_rcc.o
 .debug_aranges
                0x0000000000000510       0xb0 ./Drivers/STM32L0xx_HAL_Driver/Src/stm32l0xx_hal_rcc_ex.o
 .debug_aranges
                0x00000000000005c0      0x3d0 ./Drivers/STM32L0xx_HAL_Driver/Src/stm32l0xx_hal_tim.o
 .debug_aranges
                0x0000000000000990       0x28 ./Drivers/STM32L0xx_HAL_Driver/Src/stm32l0xx_hal_tim_ex.o
 .debug_aranges
                0x00000000000009b8      0x228 ./Drivers/STM32L0xx_HAL_Driver/Src/stm32l0xx_hal_uart.o

.debug_ranges   0x0000000000000000      0xb40
 .debug_ranges  0x0000000000000000       0x18 ./Core/Src/GamepadButton.o
 .debug_ranges  0x0000000000000018       0x58 ./Core/Src/main.o
 .debug_ranges  0x0000000000000070       0xf8 ./Core/Src/nokia5110_LCD.o
 .debug_ranges  0x0000000000000168       0x30 ./Core/Src/stm32l0xx_hal_msp.o
 .debug_ranges  0x0000000000000198       0x30 ./Core/Src/stm32l0xx_it.o
 .debug_ranges  0x00000000000001c8       0x18 ./Core/Src/system_stm32l0xx.o
 .debug_ranges  0x00000000000001e0       0x20 ./Core/Startup/startup_stm32l073rztx.o
 .debug_ranges  0x0000000000000200      0x100 ./Drivers/STM32L0xx_HAL_Driver/Src/stm32l0xx_hal.o
 .debug_ranges  0x0000000000000300       0xc8 ./Drivers/STM32L0xx_HAL_Driver/Src/stm32l0xx_hal_cortex.o
 .debug_ranges  0x00000000000003c8       0x48 ./Drivers/STM32L0xx_HAL_Driver/Src/stm32l0xx_hal_gpio.o
 .debug_ranges  0x0000000000000410       0x70 ./Drivers/STM32L0xx_HAL_Driver/Src/stm32l0xx_hal_rcc.o
 .debug_ranges  0x0000000000000480       0xa0 ./Drivers/STM32L0xx_HAL_Driver/Src/stm32l0xx_hal_rcc_ex.o
 .debug_ranges  0x0000000000000520      0x3c0 ./Drivers/STM32L0xx_HAL_Driver/Src/stm32l0xx_hal_tim.o
 .debug_ranges  0x00000000000008e0       0x18 ./Drivers/STM32L0xx_HAL_Driver/Src/stm32l0xx_hal_tim_ex.o
 .debug_ranges  0x00000000000008f8      0x248 ./Drivers/STM32L0xx_HAL_Driver/Src/stm32l0xx_hal_uart.o

.debug_macro    0x0000000000000000    0x16c65
 .debug_macro   0x0000000000000000      0x1dd ./Core/Src/GamepadButton.o
 .debug_macro   0x00000000000001dd      0xb26 ./Core/Src/GamepadButton.o
 .debug_macro   0x0000000000000d03      0x125 ./Core/Src/GamepadButton.o
 .debug_macro   0x0000000000000e28       0x2e ./Core/Src/GamepadButton.o
 .debug_macro   0x0000000000000e56       0x28 ./Core/Src/GamepadButton.o
 .debug_macro   0x0000000000000e7e       0x1c ./Core/Src/GamepadButton.o
 .debug_macro   0x0000000000000e9a       0x22 ./Core/Src/GamepadButton.o
 .debug_macro   0x0000000000000ebc       0x8e ./Core/Src/GamepadButton.o
 .debug_macro   0x0000000000000f4a       0x51 ./Core/Src/GamepadButton.o
 .debug_macro   0x0000000000000f9b      0x103 ./Core/Src/GamepadButton.o
 .debug_macro   0x000000000000109e       0x6a ./Core/Src/GamepadButton.o
 .debug_macro   0x0000000000001108      0x1df ./Core/Src/GamepadButton.o
 .debug_macro   0x00000000000012e7       0x1c ./Core/Src/GamepadButton.o
 .debug_macro   0x0000000000001303       0x22 ./Core/Src/GamepadButton.o
 .debug_macro   0x0000000000001325       0xaf ./Core/Src/GamepadButton.o
 .debug_macro   0x00000000000013d4      0x4da ./Core/Src/GamepadButton.o
 .debug_macro   0x00000000000018ae      0x11f ./Core/Src/GamepadButton.o
 .debug_macro   0x00000000000019cd     0xa44c ./Core/Src/GamepadButton.o
 .debug_macro   0x000000000000be19       0x66 ./Core/Src/GamepadButton.o
 .debug_macro   0x000000000000be7f     0x355c ./Core/Src/GamepadButton.o
 .debug_macro   0x000000000000f3db      0x17b ./Core/Src/GamepadButton.o
 .debug_macro   0x000000000000f556       0x5b ./Core/Src/GamepadButton.o
 .debug_macro   0x000000000000f5b1      0x8eb ./Core/Src/GamepadButton.o
 .debug_macro   0x000000000000fe9c      0xbb4 ./Core/Src/GamepadButton.o
 .debug_macro   0x0000000000010a50      0x197 ./Core/Src/GamepadButton.o
 .debug_macro   0x0000000000010be7      0x13f ./Core/Src/GamepadButton.o
 .debug_macro   0x0000000000010d26      0x1d1 ./Core/Src/GamepadButton.o
 .debug_macro   0x0000000000010ef7       0x82 ./Core/Src/GamepadButton.o
 .debug_macro   0x0000000000010f79      0x28e ./Core/Src/GamepadButton.o
 .debug_macro   0x0000000000011207      0x1e9 ./Core/Src/GamepadButton.o
 .debug_macro   0x00000000000113f0      0x13e ./Core/Src/GamepadButton.o
 .debug_macro   0x000000000001152e      0x4b5 ./Core/Src/GamepadButton.o
 .debug_macro   0x00000000000119e3      0x22c ./Core/Src/GamepadButton.o
 .debug_macro   0x0000000000011c0f       0x5b ./Core/Src/GamepadButton.o
 .debug_macro   0x0000000000011c6a       0xa5 ./Core/Src/GamepadButton.o
 .debug_macro   0x0000000000011d0f      0x18d ./Core/Src/GamepadButton.o
 .debug_macro   0x0000000000011e9c       0x16 ./Core/Src/GamepadButton.o
 .debug_macro   0x0000000000011eb2      0x773 ./Core/Src/GamepadButton.o
 .debug_macro   0x0000000000012625       0xfc ./Core/Src/GamepadButton.o
 .debug_macro   0x0000000000012721      0x5ba ./Core/Src/GamepadButton.o
 .debug_macro   0x0000000000012cdb       0x44 ./Core/Src/GamepadButton.o
 .debug_macro   0x0000000000012d1f      0x1a2 ./Core/Src/GamepadButton.o
 .debug_macro   0x0000000000012ec1      0x3f7 ./Core/Src/main.o
 .debug_macro   0x00000000000132b8       0x16 ./Core/Src/main.o
 .debug_macro   0x00000000000132ce       0x46 ./Core/Src/main.o
 .debug_macro   0x0000000000013314       0x58 ./Core/Src/main.o
 .debug_macro   0x000000000001336c       0x52 ./Core/Src/main.o
 .debug_macro   0x00000000000133be       0x18 ./Core/Src/main.o
 .debug_macro   0x00000000000133d6       0x3c ./Core/Src/main.o
 .debug_macro   0x0000000000013412       0x34 ./Core/Src/main.o
 .debug_macro   0x0000000000013446       0x16 ./Core/Src/main.o
 .debug_macro   0x000000000001345c       0x35 ./Core/Src/main.o
 .debug_macro   0x0000000000013491      0x364 ./Core/Src/main.o
 .debug_macro   0x00000000000137f5       0x10 ./Core/Src/main.o
 .debug_macro   0x0000000000013805       0x16 ./Core/Src/main.o
 .debug_macro   0x000000000001381b       0x43 ./Core/Src/main.o
 .debug_macro   0x000000000001385e       0x34 ./Core/Src/main.o
 .debug_macro   0x0000000000013892       0x10 ./Core/Src/main.o
 .debug_macro   0x00000000000138a2       0x58 ./Core/Src/main.o
 .debug_macro   0x00000000000138fa       0x71 ./Core/Src/main.o
 .debug_macro   0x000000000001396b       0x16 ./Core/Src/main.o
 .debug_macro   0x0000000000013981      0x12a ./Core/Src/main.o
 .debug_macro   0x0000000000013aab       0x10 ./Core/Src/main.o
 .debug_macro   0x0000000000013abb       0x1c ./Core/Src/main.o
 .debug_macro   0x0000000000013ad7       0x52 ./Core/Src/main.o
 .debug_macro   0x0000000000013b29       0x22 ./Core/Src/main.o
 .debug_macro   0x0000000000013b4b       0x10 ./Core/Src/main.o
 .debug_macro   0x0000000000013b5b       0x52 ./Core/Src/main.o
 .debug_macro   0x0000000000013bad       0xd5 ./Core/Src/main.o
 .debug_macro   0x0000000000013c82       0x1c ./Core/Src/main.o
 .debug_macro   0x0000000000013c9e       0x3d ./Core/Src/main.o
 .debug_macro   0x0000000000013cdb       0x16 ./Core/Src/main.o
 .debug_macro   0x0000000000013cf1      0x137 ./Core/Src/main.o
 .debug_macro   0x0000000000013e28      0x18a ./Core/Src/main.o
 .debug_macro   0x0000000000013fb2       0x10 ./Core/Src/main.o
 .debug_macro   0x0000000000013fc2      0x3c3 ./Core/Src/main.o
 .debug_macro   0x0000000000014385       0x10 ./Core/Src/main.o
 .debug_macro   0x0000000000014395       0x16 ./Core/Src/main.o
 .debug_macro   0x00000000000143ab       0x16 ./Core/Src/main.o
 .debug_macro   0x00000000000143c1       0x29 ./Core/Src/main.o
 .debug_macro   0x00000000000143ea       0x1c ./Core/Src/main.o
 .debug_macro   0x0000000000014406       0xde ./Core/Src/main.o
 .debug_macro   0x00000000000144e4      0x1ea ./Core/Src/nokia5110_LCD.o
 .debug_macro   0x00000000000146ce      0xa4e ./Core/Src/nokia5110_LCD.o
 .debug_macro   0x000000000001511c       0x22 ./Core/Src/nokia5110_LCD.o
 .debug_macro   0x000000000001513e      0x4da ./Core/Src/nokia5110_LCD.o
 .debug_macro   0x0000000000015618      0x174 ./Core/Src/nokia5110_LCD.o
 .debug_macro   0x000000000001578c      0x1f9 ./Core/Src/stm32l0xx_hal_msp.o
 .debug_macro   0x0000000000015985      0x203 ./Core/Src/stm32l0xx_it.o
 .debug_macro   0x0000000000015b88      0x1e0 ./Core/Src/system_stm32l0xx.o
 .debug_macro   0x0000000000015d68      0x1f2 ./Drivers/STM32L0xx_HAL_Driver/Src/stm32l0xx_hal.o
 .debug_macro   0x0000000000015f5a      0x1ce ./Drivers/STM32L0xx_HAL_Driver/Src/stm32l0xx_hal_cortex.o
 .debug_macro   0x0000000000016128      0x1d5 ./Drivers/STM32L0xx_HAL_Driver/Src/stm32l0xx_hal_gpio.o
 .debug_macro   0x00000000000162fd      0x204 ./Drivers/STM32L0xx_HAL_Driver/Src/stm32l0xx_hal_rcc.o
 .debug_macro   0x0000000000016501      0x1ce ./Drivers/STM32L0xx_HAL_Driver/Src/stm32l0xx_hal_rcc_ex.o
 .debug_macro   0x00000000000166cf      0x1cf ./Drivers/STM32L0xx_HAL_Driver/Src/stm32l0xx_hal_tim.o
 .debug_macro   0x000000000001689e      0x1ce ./Drivers/STM32L0xx_HAL_Driver/Src/stm32l0xx_hal_tim_ex.o
 .debug_macro   0x0000000000016a6c      0x1f9 ./Drivers/STM32L0xx_HAL_Driver/Src/stm32l0xx_hal_uart.o

.debug_line     0x0000000000000000     0xdf5f
 .debug_line    0x0000000000000000      0x73a ./Core/Src/GamepadButton.o
 .debug_line    0x000000000000073a     0x10dc ./Core/Src/main.o
 .debug_line    0x0000000000001816      0xe8a ./Core/Src/nokia5110_LCD.o
 .debug_line    0x00000000000026a0      0x79e ./Core/Src/stm32l0xx_hal_msp.o
 .debug_line    0x0000000000002e3e      0x77e ./Core/Src/stm32l0xx_it.o
 .debug_line    0x00000000000035bc      0x7a6 ./Core/Src/system_stm32l0xx.o
 .debug_line    0x0000000000003d62       0x89 ./Core/Startup/startup_stm32l073rztx.o
 .debug_line    0x0000000000003deb      0xa41 ./Drivers/STM32L0xx_HAL_Driver/Src/stm32l0xx_hal.o
 .debug_line    0x000000000000482c      0xb0f ./Drivers/STM32L0xx_HAL_Driver/Src/stm32l0xx_hal_cortex.o
 .debug_line    0x000000000000533b      0xae6 ./Drivers/STM32L0xx_HAL_Driver/Src/stm32l0xx_hal_gpio.o
 .debug_line    0x0000000000005e21      0xecd ./Drivers/STM32L0xx_HAL_Driver/Src/stm32l0xx_hal_rcc.o
 .debug_line    0x0000000000006cee      0xdf0 ./Drivers/STM32L0xx_HAL_Driver/Src/stm32l0xx_hal_rcc_ex.o
 .debug_line    0x0000000000007ade     0x2f2e ./Drivers/STM32L0xx_HAL_Driver/Src/stm32l0xx_hal_tim.o
 .debug_line    0x000000000000aa0c      0x7c0 ./Drivers/STM32L0xx_HAL_Driver/Src/stm32l0xx_hal_tim_ex.o
 .debug_line    0x000000000000b1cc     0x2d93 ./Drivers/STM32L0xx_HAL_Driver/Src/stm32l0xx_hal_uart.o

.debug_str      0x0000000000000000    0x86d8e
 .debug_str     0x0000000000000000    0x7da4f ./Core/Src/GamepadButton.o
                                      0x7dd77 (size before relaxing)
 .debug_str     0x000000000007da4f     0x66bf ./Core/Src/main.o
                                      0x84723 (size before relaxing)
 .debug_str     0x000000000008410e      0x3f1 ./Core/Src/nokia5110_LCD.o
                                      0x7db6a (size before relaxing)
 .debug_str     0x00000000000844ff       0x9c ./Core/Src/stm32l0xx_hal_msp.o
                                      0x7e1e9 (size before relaxing)
 .debug_str     0x000000000008459b       0x82 ./Core/Src/stm32l0xx_it.o
                                      0x7d9e4 (size before relaxing)
 .debug_str     0x000000000008461d      0x11c ./Core/Src/system_stm32l0xx.o
                                      0x7d8bc (size before relaxing)
 .debug_str     0x0000000000084739       0x36 ./Core/Startup/startup_stm32l073rztx.o
                                         0x78 (size before relaxing)
 .debug_str     0x000000000008476f      0x5ae ./Drivers/STM32L0xx_HAL_Driver/Src/stm32l0xx_hal.o
                                      0x7df6a (size before relaxing)
 .debug_str     0x0000000000084d1d      0x28d ./Drivers/STM32L0xx_HAL_Driver/Src/stm32l0xx_hal_cortex.o
                                      0x7dcbe (size before relaxing)
 .debug_str     0x0000000000084faa       0xe8 ./Drivers/STM32L0xx_HAL_Driver/Src/stm32l0xx_hal_gpio.o
                                      0x7d9d9 (size before relaxing)
 .debug_str     0x0000000000085092      0x2a7 ./Drivers/STM32L0xx_HAL_Driver/Src/stm32l0xx_hal_rcc.o
                                      0x7dd86 (size before relaxing)
 .debug_str     0x0000000000085339      0x33e ./Drivers/STM32L0xx_HAL_Driver/Src/stm32l0xx_hal_rcc_ex.o
                                      0x7dd3c (size before relaxing)
 .debug_str     0x0000000000085677      0xdf2 ./Drivers/STM32L0xx_HAL_Driver/Src/stm32l0xx_hal_tim.o
                                      0x7eb01 (size before relaxing)
 .debug_str     0x0000000000086469       0x57 ./Drivers/STM32L0xx_HAL_Driver/Src/stm32l0xx_hal_tim_ex.o
                                      0x7dcb6 (size before relaxing)
 .debug_str     0x00000000000864c0      0x8ce ./Drivers/STM32L0xx_HAL_Driver/Src/stm32l0xx_hal_uart.o
                                      0x7e5d1 (size before relaxing)

.comment        0x0000000000000000       0x50
 .comment       0x0000000000000000       0x50 ./Core/Src/GamepadButton.o
                                         0x51 (size before relaxing)
 .comment       0x0000000000000050       0x51 ./Core/Src/main.o
 .comment       0x0000000000000050       0x51 ./Core/Src/nokia5110_LCD.o
 .comment       0x0000000000000050       0x51 ./Core/Src/stm32l0xx_hal_msp.o
 .comment       0x0000000000000050       0x51 ./Core/Src/stm32l0xx_it.o
 .comment       0x0000000000000050       0x51 ./Core/Src/system_stm32l0xx.o
 .comment       0x0000000000000050       0x51 ./Drivers/STM32L0xx_HAL_Driver/Src/stm32l0xx_hal.o
 .comment       0x0000000000000050       0x51 ./Drivers/STM32L0xx_HAL_Driver/Src/stm32l0xx_hal_cortex.o
 .comment       0x0000000000000050       0x51 ./Drivers/STM32L0xx_HAL_Driver/Src/stm32l0xx_hal_gpio.o
 .comment       0x0000000000000050       0x51 ./Drivers/STM32L0xx_HAL_Driver/Src/stm32l0xx_hal_rcc.o
 .comment       0x0000000000000050       0x51 ./Drivers/STM32L0xx_HAL_Driver/Src/stm32l0xx_hal_rcc_ex.o
 .comment       0x0000000000000050       0x51 ./Drivers/STM32L0xx_HAL_Driver/Src/stm32l0xx_hal_tim.o
 .comment       0x0000000000000050       0x51 ./Drivers/STM32L0xx_HAL_Driver/Src/stm32l0xx_hal_tim_ex.o
 .comment       0x0000000000000050       0x51 ./Drivers/STM32L0xx_HAL_Driver/Src/stm32l0xx_hal_uart.o

.debug_frame    0x0000000000000000     0x2b64
 .debug_frame   0x0000000000000000       0x50 ./Core/Src/GamepadButton.o
 .debug_frame   0x0000000000000050      0x14c ./Core/Src/main.o
 .debug_frame   0x000000000000019c      0x380 ./Core/Src/nokia5110_LCD.o
 .debug_frame   0x000000000000051c       0xac ./Core/Src/stm32l0xx_hal_msp.o
 .debug_frame   0x00000000000005c8       0x9c ./Core/Src/stm32l0xx_it.o
 .debug_frame   0x0000000000000664       0x4c ./Core/Src/system_stm32l0xx.o
 .debug_frame   0x00000000000006b0      0x394 ./Drivers/STM32L0xx_HAL_Driver/Src/stm32l0xx_hal.o
 .debug_frame   0x0000000000000a44      0x2fc ./Drivers/STM32L0xx_HAL_Driver/Src/stm32l0xx_hal_cortex.o
 .debug_frame   0x0000000000000d40      0x110 ./Drivers/STM32L0xx_HAL_Driver/Src/stm32l0xx_hal_gpio.o
 .debug_frame   0x0000000000000e50      0x1a8 ./Drivers/STM32L0xx_HAL_Driver/Src/stm32l0xx_hal_rcc.o
 .debug_frame   0x0000000000000ff8      0x244 ./Drivers/STM32L0xx_HAL_Driver/Src/stm32l0xx_hal_rcc_ex.o
 .debug_frame   0x000000000000123c      0xef8 ./Drivers/STM32L0xx_HAL_Driver/Src/stm32l0xx_hal_tim.o
 .debug_frame   0x0000000000002134       0x50 ./Drivers/STM32L0xx_HAL_Driver/Src/stm32l0xx_hal_tim_ex.o
 .debug_frame   0x0000000000002184      0x854 ./Drivers/STM32L0xx_HAL_Driver/Src/stm32l0xx_hal_uart.o
 .debug_frame   0x00000000000029d8       0x2c c:/st/stm32cubeide_1.9.0/stm32cubeide/plugins/com.st.stm32cube.ide.mcu.externaltools.gnu-tools-for-stm32.10.3-2021.10.win32_1.0.0.202111181127/tools/bin/../lib/gcc/arm-none-eabi/10.3.1/../../../../arm-none-eabi/lib/thumb/v6-m/nofp\libc_nano.a(lib_a-init.o)
 .debug_frame   0x0000000000002a04       0x40 c:/st/stm32cubeide_1.9.0/stm32cubeide/plugins/com.st.stm32cube.ide.mcu.externaltools.gnu-tools-for-stm32.10.3-2021.10.win32_1.0.0.202111181127/tools/bin/../lib/gcc/arm-none-eabi/10.3.1/../../../../arm-none-eabi/lib/thumb/v6-m/nofp\libc_nano.a(lib_a-itoa.o)
 .debug_frame   0x0000000000002a44       0x20 c:/st/stm32cubeide_1.9.0/stm32cubeide/plugins/com.st.stm32cube.ide.mcu.externaltools.gnu-tools-for-stm32.10.3-2021.10.win32_1.0.0.202111181127/tools/bin/../lib/gcc/arm-none-eabi/10.3.1/../../../../arm-none-eabi/lib/thumb/v6-m/nofp\libc_nano.a(lib_a-memset.o)
 .debug_frame   0x0000000000002a64       0x48 c:/st/stm32cubeide_1.9.0/stm32cubeide/plugins/com.st.stm32cube.ide.mcu.externaltools.gnu-tools-for-stm32.10.3-2021.10.win32_1.0.0.202111181127/tools/bin/../lib/gcc/arm-none-eabi/10.3.1/../../../../arm-none-eabi/lib/thumb/v6-m/nofp\libc_nano.a(lib_a-utoa.o)
 .debug_frame   0x0000000000002aac       0x28 c:/st/stm32cubeide_1.9.0/stm32cubeide/plugins/com.st.stm32cube.ide.mcu.externaltools.gnu-tools-for-stm32.10.3-2021.10.win32_1.0.0.202111181127/tools/bin/../lib/gcc/arm-none-eabi/10.3.1/../../../../arm-none-eabi/lib/thumb/v6-m/nofp\libc_nano.a(lib_a-memcpy-stub.o)
 .debug_frame   0x0000000000002ad4       0x20 c:/st/stm32cubeide_1.9.0/stm32cubeide/plugins/com.st.stm32cube.ide.mcu.externaltools.gnu-tools-for-stm32.10.3-2021.10.win32_1.0.0.202111181127/tools/bin/../lib/gcc/arm-none-eabi/10.3.1/thumb/v6-m/nofp\libgcc.a(_udivsi3.o)
 .debug_frame   0x0000000000002af4       0x34 c:/st/stm32cubeide_1.9.0/stm32cubeide/plugins/com.st.stm32cube.ide.mcu.externaltools.gnu-tools-for-stm32.10.3-2021.10.win32_1.0.0.202111181127/tools/bin/../lib/gcc/arm-none-eabi/10.3.1/thumb/v6-m/nofp\libgcc.a(_muldi3.o)
 .debug_frame   0x0000000000002b28       0x3c c:/st/stm32cubeide_1.9.0/stm32cubeide/plugins/com.st.stm32cube.ide.mcu.externaltools.gnu-tools-for-stm32.10.3-2021.10.win32_1.0.0.202111181127/tools/bin/../lib/gcc/arm-none-eabi/10.3.1/thumb/v6-m/nofp\libgcc.a(_udivmoddi4.o)
