../Core/Src/main.cpp:97:6:void SetRandomBait()	8	static
../Core/Src/main.cpp:111:6:void SetGameOver()	8	static
../Core/Src/main.cpp:124:5:int main()	80	static
../Core/Src/main.cpp:320:6:void SystemClock_Config()	136	static
../Core/Src/main.cpp:369:13:void MX_TIM6_Init()	16	static
../Core/Src/main.cpp:407:13:void MX_USART2_UART_Init()	8	static
../Core/Src/main.cpp:442:13:void MX_GPIO_Init()	56	static
../Core/Src/main.cpp:496:6:void UPrint(char*)	16	static
../Core/Src/main.cpp:501:5:int length_of_string(char*)	24	static
../Core/Src/main.cpp:512:13:void ResetGame()	16	static
../Core/Src/main.cpp:526:6:void Error_Handler()	8	static,ignoring_inline_asm
